Component: ARM Compiler 6.13.1 Tool: armlink [5d895400]

==============================================================================

Section Cross References

    startup_stm32f746xx.o(STACK) refers (Special) to heapauxi.o(.text) for __use_two_region_memory
    startup_stm32f746xx.o(HEAP) refers (Special) to heapauxi.o(.text) for __use_two_region_memory
    startup_stm32f746xx.o(RESET) refers (Special) to heapauxi.o(.text) for __use_two_region_memory
    startup_stm32f746xx.o(RESET) refers to startup_stm32f746xx.o(STACK) for __initial_sp
    startup_stm32f746xx.o(RESET) refers to startup_stm32f746xx.o(.text) for Reset_Handler
    startup_stm32f746xx.o(RESET) refers to stm32f7xx_it.o(.text.NMI_Handler) for NMI_Handler
    startup_stm32f746xx.o(RESET) refers to stm32f7xx_it.o(.text.HardFault_Handler) for HardFault_Handler
    startup_stm32f746xx.o(RESET) refers to stm32f7xx_it.o(.text.MemManage_Handler) for MemManage_Handler
    startup_stm32f746xx.o(RESET) refers to stm32f7xx_it.o(.text.BusFault_Handler) for BusFault_Handler
    startup_stm32f746xx.o(RESET) refers to stm32f7xx_it.o(.text.UsageFault_Handler) for UsageFault_Handler
    startup_stm32f746xx.o(RESET) refers to stm32f7xx_it.o(.text.SVC_Handler) for SVC_Handler
    startup_stm32f746xx.o(RESET) refers to stm32f7xx_it.o(.text.DebugMon_Handler) for DebugMon_Handler
    startup_stm32f746xx.o(RESET) refers to stm32f7xx_it.o(.text.PendSV_Handler) for PendSV_Handler
    startup_stm32f746xx.o(RESET) refers to stm32f7xx_it.o(.text.SysTick_Handler) for SysTick_Handler
    startup_stm32f746xx.o(RESET) refers to stm32f7xx_it.o(.text.TIM1_UP_TIM10_IRQHandler) for TIM1_UP_TIM10_IRQHandler
    startup_stm32f746xx.o(RESET) refers to stm32f7xx_it.o(.text.TIM2_IRQHandler) for TIM2_IRQHandler
    startup_stm32f746xx.o(RESET) refers to stm32f7xx_it.o(.text.OTG_FS_IRQHandler) for OTG_FS_IRQHandler
    startup_stm32f746xx.o(.text) refers (Special) to heapauxi.o(.text) for __use_two_region_memory
    startup_stm32f746xx.o(.text) refers to system_stm32f7xx.o(.text.SystemInit) for SystemInit
    startup_stm32f746xx.o(.text) refers to __main.o(!!!main) for __main
    startup_stm32f746xx.o(.text) refers to startup_stm32f746xx.o(HEAP) for Heap_Mem
    startup_stm32f746xx.o(.text) refers to startup_stm32f746xx.o(STACK) for Stack_Mem
    main.o(.text.main) refers to stm32f7xx_hal.o(.text.HAL_Init) for HAL_Init
    main.o(.text.main) refers to main.o(.text.SystemClock_Config) for SystemClock_Config
    main.o(.text.main) refers to stm32f7xx_hal_gpio.o(.text.HAL_GPIO_WritePin) for HAL_GPIO_WritePin
    main.o(.text.main) refers to stm32f7xx_hal_tim.o(.text.HAL_TIM_Encoder_Init) for HAL_TIM_Encoder_Init
    main.o(.text.main) refers to stm32f7xx_hal_tim_ex.o(.text.HAL_TIMEx_MasterConfigSynchronization) for HAL_TIMEx_MasterConfigSynchronization
    main.o(.text.main) refers to stm32f7xx_hal_tim.o(.text.HAL_TIM_Base_Init) for HAL_TIM_Base_Init
    main.o(.text.main) refers to stm32f7xx_hal_tim.o(.text.HAL_TIM_ConfigClockSource) for HAL_TIM_ConfigClockSource
    main.o(.text.main) refers to usb_device.o(.text.MX_USB_DEVICE_Init) for MX_USB_DEVICE_Init
    main.o(.text.main) refers to stm32f7xx_hal_tim.o(.text.HAL_TIM_Base_Start_IT) for HAL_TIM_Base_Start_IT
    main.o(.text.main) refers to stm32f7xx_it.o(.text.enc_read) for enc_read
    main.o(.text.main) refers to usbd_cdc_if.o(.text.CDC_Transmit_FS) for CDC_Transmit_FS
    main.o(.text.main) refers to stm32f7xx_hal.o(.text.HAL_Delay) for HAL_Delay
    main.o(.text.main) refers to stm32f7xx_hal_gpio.o(.text.HAL_GPIO_Init) for HAL_GPIO_Init
    main.o(.text.main) refers to main.o(.bss..L_MergedGlobals) for [Anonymous Symbol]
    main.o(.text.main) refers to main.o(.bss.htim2) for htim2
    main.o(.ARM.exidx.text.main) refers to main.o(.text.main) for [Anonymous Symbol]
    main.o(.text.SystemClock_Config) refers to rt_memclr_w.o(.text) for __aeabi_memclr4
    main.o(.text.SystemClock_Config) refers to stm32f7xx_hal_pwr.o(.text.HAL_PWR_EnableBkUpAccess) for HAL_PWR_EnableBkUpAccess
    main.o(.text.SystemClock_Config) refers to stm32f7xx_hal_rcc.o(.text.HAL_RCC_OscConfig) for HAL_RCC_OscConfig
    main.o(.text.SystemClock_Config) refers to stm32f7xx_hal_pwr_ex.o(.text.HAL_PWREx_EnableOverDrive) for HAL_PWREx_EnableOverDrive
    main.o(.text.SystemClock_Config) refers to stm32f7xx_hal_rcc.o(.text.HAL_RCC_ClockConfig) for HAL_RCC_ClockConfig
    main.o(.text.SystemClock_Config) refers to stm32f7xx_hal_rcc_ex.o(.text.HAL_RCCEx_PeriphCLKConfig) for HAL_RCCEx_PeriphCLKConfig
    main.o(.ARM.exidx.text.SystemClock_Config) refers to main.o(.text.SystemClock_Config) for [Anonymous Symbol]
    main.o(.ARM.exidx.text.Error_Handler) refers to main.o(.text.Error_Handler) for [Anonymous Symbol]
    usb_device.o(.text.MX_USB_DEVICE_Init) refers to usbd_core.o(.text.USBD_Init) for USBD_Init
    usb_device.o(.text.MX_USB_DEVICE_Init) refers to main.o(.text.Error_Handler) for Error_Handler
[...]
    __arm_cp.2_10                            0x08004004   Number         4  stm32f7xx_ll_usb.o(.text.USB_SetTurnaroundTime)
    __arm_cp.2_11                            0x08004008   Number         4  stm32f7xx_ll_usb.o(.text.USB_SetTurnaroundTime)
    __arm_cp.2_12                            0x0800400c   Number         4  stm32f7xx_ll_usb.o(.text.USB_SetTurnaroundTime)
    __arm_cp.2_13                            0x08004010   Number         4  stm32f7xx_ll_usb.o(.text.USB_SetTurnaroundTime)
    __arm_cp.2_14                            0x08004014   Number         4  stm32f7xx_ll_usb.o(.text.USB_SetTurnaroundTime)
    __arm_cp.2_15                            0x08004018   Number         4  stm32f7xx_ll_usb.o(.text.USB_SetTurnaroundTime)
    __arm_cp.2_16                            0x0800401c   Number         4  stm32f7xx_ll_usb.o(.text.USB_SetTurnaroundTime)
    __arm_cp.2_17                            0x08004020   Number         4  stm32f7xx_ll_usb.o(.text.USB_SetTurnaroundTime)
    [Anonymous Symbol]                       0x08004024   Section        0  stm32f7xx_ll_usb.o(.text.USB_WritePacket)
    [Anonymous Symbol]                       0x08004044   Section        0  stm32f7xx_it.o(.text.UsageFault_Handler)
    __NVIC_SetPriority                       0x08004049   Thumb Code    36  stm32f7xx_hal_cortex.o(.text.__NVIC_SetPriority)
    [Anonymous Symbol]                       0x08004048   Section        0  stm32f7xx_hal_cortex.o(.text.__NVIC_SetPriority)
    __arm_cp.2_0                             0x08004064   Number         4  stm32f7xx_hal_cortex.o(.text.__NVIC_SetPriority)
    __arm_cp.2_1                             0x08004068   Number         4  stm32f7xx_hal_cortex.o(.text.__NVIC_SetPriority)
    [Anonymous Symbol]                       0x0800406c   Section        0  stm32f7xx_it.o(.text.enc_read)
    __arm_cp.0_0                             0x0800407c   Number         4  stm32f7xx_it.o(.text.enc_read)
    __arm_cp.0_1                             0x08004080   Number         4  stm32f7xx_it.o(.text.enc_read)
    [Anonymous Symbol]                       0x08004084   Section        0  main.o(.text.main)
    __arm_cp.0_0                             0x08004300   Number         4  main.o(.text.main)
    __arm_cp.0_1                             0x08004304   Number         4  main.o(.text.main)
    __arm_cp.0_2                             0x08004308   Number         4  main.o(.text.main)
    __arm_cp.0_3                             0x0800430c   Number         4  main.o(.text.main)
    __arm_cp.0_4                             0x08004310   Number         4  main.o(.text.main)
    __arm_cp.0_5                             0x08004314   Number         4  main.o(.text.main)
    __arm_cp.0_6                             0x08004318   Number         4  main.o(.text.main)
    $v0                                      0x0800431c   Number         0  fpinit.o(x$fpl$fpinit)
    x$fpl$fpinit                             0x0800431c   Section       26  fpinit.o(x$fpl$fpinit)
    [Anonymous Symbol]                       0x20000000   Section        0  stm32f7xx_hal.o(.data..L_MergedGlobals)
    USBD_CDC_CfgFSDesc                       0x20000064   Data          67  usbd_cdc.o(.data.USBD_CDC_CfgFSDesc)
    [Anonymous Symbol]                       0x20000064   Section        0  usbd_cdc.o(.data.USBD_CDC_CfgFSDesc)
    USBD_CDC_CfgHSDesc                       0x200000a8   Data          67  usbd_cdc.o(.data.USBD_CDC_CfgHSDesc)
    [Anonymous Symbol]                       0x200000a8   Section        0  usbd_cdc.o(.data.USBD_CDC_CfgHSDesc)
    USBD_CDC_DeviceQualifierDesc             0x200000ec   Data          10  usbd_cdc.o(.data.USBD_CDC_DeviceQualifierDesc)
    [Anonymous Symbol]                       0x200000ec   Section        0  usbd_cdc.o(.data.USBD_CDC_DeviceQualifierDesc)
    USBD_CDC_OtherSpeedCfgDesc               0x200000f8   Data          67  usbd_cdc.o(.data.USBD_CDC_OtherSpeedCfgDesc)
    [Anonymous Symbol]                       0x200000f8   Section        0  usbd_cdc.o(.data.USBD_CDC_OtherSpeedCfgDesc)
    .bss                                     0x20000190   Section       96  libspace.o(.bss)
    [Anonymous Symbol]                       0x200001f0   Section        0  main.o(.bss..L_MergedGlobals)
    USBD_SetConfig.cfgidx                    0x20000258   Data           1  usbd_ctlreq.o(.bss.USBD_SetConfig.cfgidx)
    [Anonymous Symbol]                       0x20000258   Section        0  usbd_ctlreq.o(.bss.USBD_SetConfig.cfgidx)
    Heap_Mem                                 0x20001b88   Data        4096  startup_stm32f746xx.o(HEAP)
    HEAP                                     0x20001b88   Section     4096  startup_stm32f746xx.o(HEAP)
    Stack_Mem                                0x20002b88   Data        1024  startup_stm32f746xx.o(STACK)
    STACK                                    0x20002b88   Section     1024  startup_stm32f746xx.o(STACK)
    __initial_sp                             0x20002f88   Data           0  startup_stm32f746xx.o(STACK)

    Global Symbols

    Symbol Name                              Value     Ov Type        Size  Object(Section)

    BuildAttributes$$THM_ISAv4$E$P$D$K$B$S$7EM$VFPi5$EXTD16$VFPS$VFMA$PE$PLD8$A:L22UL41UL21$X:L11$S22US41US21$IEEE1$IW$~IW$USESV6$~STKCKD$USESV7$~SHL$OTIME$ROPI$EBA8$UX$STANDARDLIB$REQ8$PRES8$EABIv2 0x00000000   Number         0  anon$$obj.o ABSOLUTE
    __ARM_exceptions_init                     - Undefined Weak Reference
    __alloca_initialize                       - Undefined Weak Reference
    __arm_preinit_                            - Undefined Weak Reference
    __cpp_initialize__aeabi_                  - Undefined Weak Reference
    __cxa_finalize                            - Undefined Weak Reference
    __rt_locale                               - Undefined Weak Reference
    __sigvec_lookup                           - Undefined Weak Reference
    __user_heap_extent                        - Undefined Weak Reference
    _atexit_init                              - Undefined Weak Reference
    _call_atexit_fns                          - Undefined Weak Reference
    _clock_init                               - Undefined Weak Reference
    _fp_trap_init                             - Undefined Weak Reference
    _fp_trap_shutdown                         - Undefined Weak Reference
    _get_lc_collate                           - Undefined Weak Reference
    _get_lc_ctype                             - Undefined Weak Reference
    _get_lc_monetary                          - Undefined Weak Reference
    _get_lc_numeric                           - Undefined Weak Reference
    _get_lc_time                              - Undefined Weak Reference
    _getenv_init                              - Undefined Weak Reference
    _handle_redirection                       - Undefined Weak Reference
    _initio                                   - Undefined Weak Reference
    _mutex_acquire                            - Undefined Weak Reference
    _mutex_free                               - Undefined Weak Reference
    _mutex_release                            - Undefined Weak Reference
    _rand_init                                - Undefined Weak Reference
    _signal_finish                            - Undefined Weak Reference
    _signal_init                              - Undefined Weak Reference
    _terminateio                              - Undefined Weak Reference
    __Vectors_Size                           0x000001c8   Number         0  startup_stm32f746xx.o ABSOLUTE
    __Vectors                                0x08000000   Data           4  startup_stm32f746xx.o(RESET)
    __Vectors_End                            0x080001c8   Data           0  startup_stm32f746xx.o(RESET)
    __main                                   0x080001c9   Thumb Code     8  __main.o(!!!main)
    __scatterload                            0x080001d1   Thumb Code     0  __scatter.o(!!!scatter)
    __scatterload_rt2                        0x080001d1   Thumb Code    44  __scatter.o(!!!scatter)
    __scatterload_rt2_thumb_only             0x080001d1   Thumb Code     0  __scatter.o(!!!scatter)
    __scatterload_null                       0x080001df   Thumb Code     0  __scatter.o(!!!scatter)
    __decompress                             0x08000205   Thumb Code    90  __dczerorl2.o(!!dczerorl2)
    __decompress1                            0x08000205   Thumb Code     0  __dczerorl2.o(!!dczerorl2)
    __scatterload_zeroinit                   0x08000261   Thumb Code    28  __scatter_zi.o(!!handler_zi)
    __rt_lib_init                            0x0800027d   Thumb Code     0  libinit.o(.ARM.Collect$$libinit$$00000000)
    __rt_lib_init_fp_1                       0x0800027f   Thumb Code     0  libinit2.o(.ARM.Collect$$libinit$$00000001)
    __rt_lib_init_heap_2                     0x08000283   Thumb Code     0  libinit2.o(.ARM.Collect$$libinit$$00000005)
    __rt_lib_init_preinit_1                  0x08000283   Thumb Code     0  libinit2.o(.ARM.Collect$$libinit$$00000004)
    __rt_lib_init_alloca_1                   0x0800028b   Thumb Code     0  libinit2.o(.ARM.Collect$$libinit$$0000002E)
    __rt_lib_init_argv_1                     0x0800028b   Thumb Code     0  libinit2.o(.ARM.Collect$$libinit$$0000002C)
    __rt_lib_init_atexit_1                   0x0800028b   Thumb Code     0  libinit2.o(.ARM.Collect$$libinit$$0000001B)
    __rt_lib_init_clock_1                    0x0800028b   Thumb Code     0  libinit2.o(.ARM.Collect$$libinit$$00000021)
    __rt_lib_init_cpp_1                      0x0800028b   Thumb Code     0  libinit2.o(.ARM.Collect$$libinit$$00000032)
    __rt_lib_init_exceptions_1               0x0800028b   Thumb Code     0  libinit2.o(.ARM.Collect$$libinit$$00000030)
    __rt_lib_init_fp_trap_1                  0x0800028b   Thumb Code     0  libinit2.o(.ARM.Collect$$libinit$$0000001F)
    __rt_lib_init_getenv_1                   0x0800028b   Thumb Code     0  libinit2.o(.ARM.Collect$$libinit$$00000023)
    __rt_lib_init_heap_1                     0x0800028b   Thumb Code     0  libinit2.o(.ARM.Collect$$libinit$$0000000A)
    __rt_lib_init_lc_collate_1               0x0800028b   Thumb Code     0  libinit2.o(.ARM.Collect$$libinit$$00000011)
    __rt_lib_init_lc_ctype_1                 0x0800028b   Thumb Code     0  libinit2.o(.ARM.Collect$$libinit$$00000013)
    __rt_lib_init_lc_monetary_1              0x0800028b   Thumb Code     0  libinit2.o(.ARM.Collect$$libinit$$00000015)
    __rt_lib_init_lc_numeric_1               0x0800028b   Thumb Code     0  libinit2.o(.ARM.Collect$$libinit$$00000017)
    __rt_lib_init_lc_time_1                  0x0800028b   Thumb Code     0  libinit2.o(.ARM.Collect$$libinit$$00000019)
    __rt_lib_init_rand_1                     0x0800028b   Thumb Code     0  libinit2.o(.ARM.Collect$$libinit$$0000000E)
    __rt_lib_init_return                     0x0800028b   Thumb Code     0  libinit2.o(.ARM.Collect$$libinit$$00000033)
    __rt_lib_init_signal_1                   0x0800028b   Thumb Code     0  libinit2.o(.ARM.Collect$$libinit$$0000001D)
    __rt_lib_init_stdio_1                    0x0800028b   Thumb Code     0  libinit2.o(.ARM.Collect$$libinit$$00000025)
    __rt_lib_init_user_alloc_1               0x0800028b   Thumb Code     0  libinit2.o(.ARM.Collect$$libinit$$0000000C)
    __rt_lib_shutdown                        0x0800028d   Thumb Code     0  libshutdown.o(.ARM.Collect$$libshutdown$$00000000)
    __rt_lib_shutdown_cpp_1                  0x0800028f   Thumb Code     0  libshutdown2.o(.ARM.Collect$$libshutdown$$00000002)
    __rt_lib_shutdown_fp_trap_1              0x0800028f   Thumb Code     0  libshutdown2.o(.ARM.Collect$$libshutdown$$00000007)
    __rt_lib_shutdown_heap_1                 0x0800028f   Thumb Code     0  libshutdown2.o(.ARM.Collect$$libshutdown$$0000000F)
    __rt_lib_shutdown_return                 0x0800028f   Thumb Code     0  libshutdown2.o(.ARM.Collect$$libshutdown$$00000010)
    __rt_lib_shutdown_signal_1               0x0800028f   Thumb Code     0  libshutdown2.o(.ARM.Collect$$libshutdown$$0000000A)
    __rt_lib_shutdown_stdio_1                0x0800028f   Thumb Code     0  libshutdown2.o(.ARM.Collect$$libshutdown$$00000004)
    __rt_lib_shutdown_user_alloc_1           0x0800028f   Thumb Code     0  libshutdown2.o(.ARM.Collect$$libshutdown$$0000000C)
    __rt_entry                               0x08000291   Thumb Code     0  __rtentry.o(.ARM.Collect$$rtentry$$00000000)
    __rt_entry_presh_1                       0x08000291   Thumb Code     0  __rtentry2.o(.ARM.Collect$$rtentry$$00000002)
    __rt_entry_sh                            0x08000291   Thumb Code     0  __rtentry4.o(.ARM.Collect$$rtentry$$00000004)
    __rt_entry_li                            0x08000297   Thumb Code     0  __rtentry2.o(.ARM.Collect$$rtentry$$0000000A)
    __rt_entry_postsh_1                      0x08000297   Thumb Code     0  __rtentry2.o(.ARM.Collect$$rtentry$$00000009)
    __rt_entry_main                          0x0800029b   Thumb Code     0  __rtentry2.o(.ARM.Collect$$rtentry$$0000000D)
    __rt_entry_postli_1                      0x0800029b   Thumb Code     0  __rtentry2.o(.ARM.Collect$$rtentry$$0000000C)
    __rt_exit                                0x080002a3   Thumb Code     0  rtexit.o(.ARM.Collect$$rtexit$$00000000)
    __rt_exit_ls                             0x080002a5   Thumb Code     0  rtexit2.o(.ARM.Collect$$rtexit$$00000003)
    __rt_exit_prels_1                        0x080002a5   Thumb Code     0  rtexit2.o(.ARM.Collect$$rtexit$$00000002)
    __rt_exit_exit                           0x080002a9   Thumb Code     0  rtexit2.o(.ARM.Collect$$rtexit$$00000004)
    Reset_Handler                            0x080002b1   Thumb Code     8  startup_stm32f746xx.o(.text)
    ADC_IRQHandler                           0x080002cb   Thumb Code     0  startup_stm32f746xx.o(.text)
    CAN1_RX0_IRQHandler                      0x080002cb   Thumb Code     0  startup_stm32f746xx.o(.text)
    CAN1_RX1_IRQHandler                      0x080002cb   Thumb Code     0  startup_stm32f746xx.o(.text)
    CAN1_SCE_IRQHandler                      0x080002cb   Thumb Code     0  startup_stm32f746xx.o(.text)
    CAN1_TX_IRQHandler                       0x080002cb   Thumb Code     0  startup_stm32f746xx.o(.text)
    CAN2_RX0_IRQHandler                      0x080002cb   Thumb Code     0  startup_stm32f746xx.o(.text)
    CAN2_RX1_IRQHandler                      0x080002cb   Thumb Code     0  startup_stm32f746xx.o(.text)
    CAN2_SCE_IRQHandler                      0x080002cb   Thumb Code     0  startup_stm32f746xx.o(.text)
    CAN2_TX_IRQHandler                       0x080002cb   Thumb Code     0  startup_stm32f746xx.o(.text)
    CEC_IRQHandler                           0x080002cb   Thumb Code     0  startup_stm32f746xx.o(.text)
    DCMI_IRQHandler                          0x080002cb   Thumb Code     0  startup_stm32f746xx.o(.text)
    DMA1_Stream0_IRQHandler                  0x080002cb   Thumb Code     0  startup_stm32f746xx.o(.text)
    DMA1_Stream1_IRQHandler                  0x080002cb   Thumb Code     0  startup_stm32f746xx.o(.text)
    DMA1_Stream2_IRQHandler                  0x080002cb   Thumb Code     0  startup_stm32f746xx.o(.text)
    DMA1_Stream3_IRQHandler                  0x080002cb   Thumb Code     0  startup_stm32f746xx.o(.text)
    DMA1_Stream4_IRQHandler                  0x080002cb   Thumb Code     0  startup_stm32f746xx.o(.text)
    DMA1_Stream5_IRQHandler                  0x080002cb   Thumb Code     0  startup_stm32f746xx.o(.text)
    DMA1_Stream6_IRQHandler                  0x080002cb   Thumb Code     0  startup_stm32f746xx.o(.text)
    DMA1_Stream7_IRQHandler                  0x080002cb   Thumb Code     0  startup_stm32f746xx.o(.text)
    DMA2D_IRQHandler                         0x080002cb   Thumb Code     0  startup_stm32f746xx.o(.text)
    DMA2_Stream0_IRQHandler                  0x080002cb   Thumb Code     0  startup_stm32f746xx.o(.text)
    DMA2_Stream1_IRQHandler                  0x080002cb   Thumb Code     0  startup_stm32f746xx.o(.text)
    DMA2_Stream2_IRQHandler                  0x080002cb   Thumb Code     0  startup_stm32f746xx.o(.text)
    DMA2_Stream3_IRQHandler                  0x080002cb   Thumb Code     0  startup_stm32f746xx.o(.text)
    DMA2_Stream4_IRQHandler                  0x080002cb   Thumb Code     0  startup_stm32f746xx.o(.text)
    DMA2_Stream5_IRQHandler                  0x080002cb   Thumb Code     0  startup_stm32f746xx.o(.text)
    DMA2_Stream6_IRQHandler                  0x080002cb   Thumb Code     0  startup_stm32f746xx.o(.text)
    DMA2_Stream7_IRQHandler                  0x080002cb   Thumb Code     0  startup_stm32f746xx.o(.text)
    ETH_IRQHandler                           0x080002cb   Thumb Code     0  startup_stm32f746xx.o(.text)
    ETH_WKUP_IRQHandler                      0x080002cb   Thumb Code     0  startup_stm32f746xx.o(.text)
    EXTI0_IRQHandler                         0x080002cb   Thumb Code     0  startup_stm32f746xx.o(.text)
    EXTI15_10_IRQHandler                     0x080002cb   Thumb Code     0  startup_stm32f746xx.o(.text)
    EXTI1_IRQHandler                         0x080002cb   Thumb Code     0  startup_stm32f746xx.o(.text)
    EXTI2_IRQHandler                         0x080002cb   Thumb Code     0  startup_stm32f746xx.o(.text)
    EXTI3_IRQHandler                         0x080002cb   Thumb Code     0  startup_stm32f746xx.o(.text)
    EXTI4_IRQHandler                         0x080002cb   Thumb Code     0  startup_stm32f746xx.o(.text)
    EXTI9_5_IRQHandler                       0x080002cb   Thumb Code     0  startup_stm32f746xx.o(.text)
    FLASH_IRQHandler                         0x080002cb   Thumb Code     0  startup_stm32f746xx.o(.text)
    FMC_IRQHandler                           0x080002cb   Thumb Code     0  startup_stm32f746xx.o(.text)
    FPU_IRQHandler                           0x080002cb   Thumb Code     0  startup_stm32f746xx.o(.text)
    I2C1_ER_IRQHandler                       0x080002cb   Thumb Code     0  startup_stm32f746xx.o(.text)
    I2C1_EV_IRQHandler                       0x080002cb   Thumb Code     0  startup_stm32f746xx.o(.text)
    I2C2_ER_IRQHandler                       0x080002cb   Thumb Code     0  startup_stm32f746xx.o(.text)
    I2C2_EV_IRQHandler                       0x080002cb   Thumb Code     0  startup_stm32f746xx.o(.text)
    I2C3_ER_IRQHandler                       0x080002cb   Thumb Code     0  startup_stm32f746xx.o(.text)
    I2C3_EV_IRQHandler                       0x080002cb   Thumb Code     0  startup_stm32f746xx.o(.text)
    I2C4_ER_IRQHandler                       0x080002cb   Thumb Code     0  startup_stm32f746xx.o(.text)
    I2C4_EV_IRQHandler                       0x080002cb   Thumb Code     0  startup_stm32f746xx.o(.text)
    LPTIM1_IRQHandler                        0x080002cb   Thumb Code     0  startup_stm32f746xx.o(.text)
    LTDC_ER_IRQHandler                       0x080002cb   Thumb Code     0  startup_stm32f746xx.o(.text)
    LTDC_IRQHandler                          0x080002cb   Thumb Code     0  startup_stm32f746xx.o(.text)
    OTG_FS_WKUP_IRQHandler                   0x080002cb   Thumb Code     0  startup_stm32f746xx.o(.text)
    OTG_HS_EP1_IN_IRQHandler                 0x080002cb   Thumb Code     0  startup_stm32f746xx.o(.text)
    OTG_HS_EP1_OUT_IRQHandler                0x080002cb   Thumb Code     0  startup_stm32f746xx.o(.text)
    OTG_HS_IRQHandler                        0x080002cb   Thumb Code     0  startup_stm32f746xx.o(.text)
    OTG_HS_WKUP_IRQHandler                   0x080002cb   Thumb Code     0  startup_stm32f746xx.o(.text)
    PVD_IRQHandler                           0x080002cb   Thumb Code     0  startup_stm32f746xx.o(.text)
    QUADSPI_IRQHandler                       0x080002cb   Thumb Code     0  startup_stm32f746xx.o(.text)
    RCC_IRQHandler                           0x080002cb   Thumb Code     0  startup_stm32f746xx.o(.text)
    RNG_IRQHandler                           0x080002cb   Thumb Code     0  startup_stm32f746xx.o(.text)
    RTC_Alarm_IRQHandler                     0x080002cb   Thumb Code     0  startup_stm32f746xx.o(.text)
    RTC_WKUP_IRQHandler                      0x080002cb   Thumb Code     0  startup_stm32f746xx.o(.text)
    SAI1_IRQHandler                          0x080002cb   Thumb Code     0  startup_stm32f746xx.o(.text)
    SAI2_IRQHandler                          0x080002cb   Thumb Code     0  startup_stm32f746xx.o(.text)
    SDMMC1_IRQHandler                        0x080002cb   Thumb Code     0  startup_stm32f746xx.o(.text)
    SPDIF_RX_IRQHandler                      0x080002cb   Thumb Code     0  startup_stm32f746xx.o(.text)
    SPI1_IRQHandler                          0x080002cb   Thumb Code     0  startup_stm32f746xx.o(.text)
    SPI2_IRQHandler                          0x080002cb   Thumb Code     0  startup_stm32f746xx.o(.text)
    SPI3_IRQHandler                          0x080002cb   Thumb Code     0  startup_stm32f746xx.o(.text)
    SPI4_IRQHandler                          0x080002cb   Thumb Code     0  startup_stm32f746xx.o(.text)
    SPI5_IRQHandler                          0x080002cb   Thumb Code     0  startup_stm32f746xx.o(.text)
    SPI6_IRQHandler                          0x080002cb   Thumb Code     0  startup_stm32f746xx.o(.text)
    TAMP_STAMP_IRQHandler                    0x080002cb   Thumb Code     0  startup_stm32f746xx.o(.text)
    TIM1_BRK_TIM9_IRQHandler                 0x080002cb   Thumb Code     0  startup_stm32f746xx.o(.text)
    TIM1_CC_IRQHandler                       0x080002cb   Thumb Code     0  startup_stm32f746xx.o(.text)
    TIM1_TRG_COM_TIM11_IRQHandler            0x080002cb   Thumb Code     0  startup_stm32f746xx.o(.text)
    TIM3_IRQHandler                          0x080002cb   Thumb Code     0  startup_stm32f746xx.o(.text)
    TIM4_IRQHandler                          0x080002cb   Thumb Code     0  startup_stm32f746xx.o(.text)
    TIM5_IRQHandler                          0x080002cb   Thumb Code     0  startup_stm32f746xx.o(.text)
    TIM6_DAC_IRQHandler                      0x080002cb   Thumb Code     0  startup_stm32f746xx.o(.text)
    TIM7_IRQHandler                          0x080002cb   Thumb Code     0  startup_stm32f746xx.o(.text)
    TIM8_BRK_TIM12_IRQHandler                0x080002cb   Thumb Code     0  startup_stm32f746xx.o(.text)
    TIM8_CC_IRQHandler                       0x080002cb   Thumb Code     0  startup_stm32f746xx.o(.text)
    TIM8_TRG_COM_TIM14_IRQHandler            0x080002cb   Thumb Code     0  startup_stm32f746xx.o(.text)
    TIM8_UP_TIM13_IRQHandler                 0x080002cb   Thumb Code     0  startup_stm32f746xx.o(.text)
    UART4_IRQHandler                         0x080002cb   Thumb Code     0  startup_stm32f746xx.o(.text)
    UART5_IRQHandler                         0x080002cb   Thumb Code     0  startup_stm32f746xx.o(.text)
    UART7_IRQHandler                         0x080002cb   Thumb Code     0  startup_stm32f746xx.o(.text)
    UART8_IRQHandler                         0x080002cb   Thumb Code     0  startup_stm32f746xx.o(.text)
    USART1_IRQHandler                        0x080002cb   Thumb Code     0  startup_stm32f746xx.o(.text)
    USART2_IRQHandler                        0x080002cb   Thumb Code     0  startup_stm32f746xx.o(.text)
    USART3_IRQHandler                        0x080002cb   Thumb Code     0  startup_stm32f746xx.o(.text)
    USART6_IRQHandler                        0x080002cb   Thumb Code     0  startup_stm32f746xx.o(.text)
    WWDG_IRQHandler                          0x080002cb   Thumb Code     0  startup_stm32f746xx.o(.text)
    __user_initial_stackheap                 0x080002cd   Thumb Code     0  startup_stm32f746xx.o(.text)
    malloc                                   0x080002f1   Thumb Code    94  h1_alloc.o(.text)
    free                                     0x0800034f   Thumb Code    78  h1_free.o(.text)
    __aeabi_uldivmod                         0x0800039d   Thumb Code     0  lludivv7m.o(.text)
    _ll_udiv                                 0x0800039d   Thumb Code   240  lludivv7m.o(.text)
    __aeabi_memclr4                          0x0800048d   Thumb Code     0  rt_memclr_w.o(.text)
    __aeabi_memclr8                          0x0800048d   Thumb Code     0  rt_memclr_w.o(.text)
    __rt_memclr_w                            0x0800048d   Thumb Code    78  rt_memclr_w.o(.text)
    _memset_w                                0x08000491   Thumb Code     0  rt_memclr_w.o(.text)
    __use_two_region_memory                  0x080004db   Thumb Code     2  heapauxi.o(.text)
    __rt_heap_escrow                         0x080004dd   Thumb Code     2  heapauxi.o(.text)
    __rt_heap_expand                         0x080004df   Thumb Code     2  heapauxi.o(.text)
    __rt_heap_descriptor                     0x080004e1   Thumb Code     8  rt_heap_descriptor_intlibspace.o(.text)
    __use_no_heap                            0x080004e9   Thumb Code     2  hguard.o(.text)
    __heap$guard                             0x080004eb   Thumb Code     2  hguard.o(.text)
    _terminate_user_alloc                    0x080004ed   Thumb Code     2  init_alloc.o(.text)
    _init_user_alloc                         0x080004ef   Thumb Code     2  init_alloc.o(.text)
    __Heap_Full                              0x080004f1   Thumb Code    34  init_alloc.o(.text)
    __Heap_Broken                            0x08000513   Thumb Code     6  init_alloc.o(.text)
    _init_alloc                              0x08000519   Thumb Code    94  init_alloc.o(.text)
    __Heap_Initialize                        0x08000577   Thumb Code    10  h1_init.o(.text)
    __Heap_DescSize                          0x08000581   Thumb Code     4  h1_init.o(.text)
    __user_libspace                          0x08000585   Thumb Code     8  libspace.o(.text)
    __user_perproc_libspace                  0x08000585   Thumb Code     0  libspace.o(.text)
    __user_perthread_libspace                0x08000585   Thumb Code     0  libspace.o(.text)
    __Heap_ProvideMemory                     0x0800058d   Thumb Code    52  h1_extend.o(.text)
    _maybe_terminate_alloc                   0x0800058d   Thumb Code     0  maybetermalloc1.o(.text)
    __rt_SIGRTMEM                            0x080005c1   Thumb Code    14  defsig_rtmem_outer.o(.text)
    __I$use$semihosting                      0x080005cf   Thumb Code     0  use_no_semi.o(.text)
    __use_no_semihosting_swi                 0x080005cf   Thumb Code     2  use_no_semi.o(.text)
    __semihosting_library_function           0x080005d1   Thumb Code     0  indicate_semi.o(.text)
    __user_setup_stackheap                   0x080005d1   Thumb Code    74  sys_stackheap_outer.o(.text)
    exit                                     0x0800061b   Thumb Code    18  exit.o(.text)
    __sig_exit                               0x0800062d   Thumb Code    10  defsig_exit.o(.text)
    __rt_SIGRTMEM_inner                      0x08000639   Thumb Code    22  defsig_rtmem_inner.o(.text)
    _sys_exit                                0x08000689   Thumb Code     8  sys_exit.o(.text)
    __default_signal_display                 0x08000695   Thumb Code    50  defsig_general.o(.text)
    _ttywrch                                 0x080006c7   Thumb Code    14  sys_wrch.o(.text)
    BusFault_Handler                         0x080006d5   Thumb Code     2  stm32f7xx_it.o(.text.BusFault_Handler)
    CDC_Transmit_FS                          0x08000721   Thumb Code    44  usbd_cdc_if.o(.text.CDC_Transmit_FS)
    DebugMon_Handler                         0x0800074d   Thumb Code     2  stm32f7xx_it.o(.text.DebugMon_Handler)
    Error_Handler                            0x0800074f   Thumb Code     2  main.o(.text.Error_Handler)
    HAL_Delay                                0x08000751   Thumb Code    32  stm32f7xx_hal.o(.text.HAL_Delay)
    HAL_GPIO_Init                            0x08000771   Thumb Code   408  stm32f7xx_hal_gpio.o(.text.HAL_GPIO_Init)
    HAL_GPIO_WritePin                        0x08000909   Thumb Code    10  stm32f7xx_hal_gpio.o(.text.HAL_GPIO_WritePin)
    HAL_GetTick                              0x08000915   Thumb Code     8  stm32f7xx_hal.o(.text.HAL_GetTick)
    HAL_IncTick                              0x0800091d   Thumb Code    20  stm32f7xx_hal.o(.text.HAL_IncTick)
    HAL_Init                                 0x08000931   Thumb Code    22  stm32f7xx_hal.o(.text.HAL_Init)
    HAL_InitTick                             0x08000949   Thumb Code    64  stm32f7xx_hal.o(.text.HAL_InitTick)
    HAL_MspInit                              0x08000989   Thumb Code    48  stm32f7xx_hal_msp.o(.text.HAL_MspInit)
    HAL_NVIC_EnableIRQ                       0x080009b9   Thumb Code    28  stm32f7xx_hal_cortex.o(.text.HAL_NVIC_EnableIRQ)
    HAL_NVIC_SetPriority                     0x080009d5   Thumb Code    56  stm32f7xx_hal_cortex.o(.text.HAL_NVIC_SetPriority)
    HAL_NVIC_SetPriorityGrouping             0x08000a0d   Thumb Code    32  stm32f7xx_hal_cortex.o(.text.HAL_NVIC_SetPriorityGrouping)
    HAL_PCDEx_ActivateLPM                    0x08000a2d   Thumb Code    40  stm32f7xx_hal_pcd_ex.o(.text.HAL_PCDEx_ActivateLPM)
    HAL_PCDEx_LPM_Callback                   0x08000a55   Thumb Code    96  usbd_conf.o(.text.HAL_PCDEx_LPM_Callback)
    HAL_PCDEx_SetRxFiFo                      0x08000ab5   Thumb Code     8  stm32f7xx_hal_pcd_ex.o(.text.HAL_PCDEx_SetRxFiFo)
    HAL_PCDEx_SetTxFiFo                      0x08000abd   Thumb Code    64  stm32f7xx_hal_pcd_ex.o(.text.HAL_PCDEx_SetTxFiFo)
    HAL_PCD_ConnectCallback                  0x08000afd   Thumb Code     8  usbd_conf.o(.text.HAL_PCD_ConnectCallback)
    HAL_PCD_DataInStageCallback              0x08000b05   Thumb Code    18  usbd_conf.o(.text.HAL_PCD_DataInStageCallback)
    HAL_PCD_DataOutStageCallback             0x08000b17   Thumb Code    20  usbd_conf.o(.text.HAL_PCD_DataOutStageCallback)
    HAL_PCD_DisconnectCallback               0x08000b2b   Thumb Code     8  usbd_conf.o(.text.HAL_PCD_DisconnectCallback)
    HAL_PCD_EP_Close                         0x08000b33   Thumb Code    82  stm32f7xx_hal_pcd.o(.text.HAL_PCD_EP_Close)
    HAL_PCD_EP_ClrStall                      0x08000b85   Thumb Code    96  stm32f7xx_hal_pcd.o(.text.HAL_PCD_EP_ClrStall)
    HAL_PCD_EP_GetRxCount                    0x08000be5   Thumb Code    18  stm32f7xx_hal_pcd.o(.text.HAL_PCD_EP_GetRxCount)
    HAL_PCD_EP_Open                          0x08000bf7   Thumb Code   100  stm32f7xx_hal_pcd.o(.text.HAL_PCD_EP_Open)
    HAL_PCD_EP_Receive                       0x08000c5b   Thumb Code    66  stm32f7xx_hal_pcd.o(.text.HAL_PCD_EP_Receive)
    HAL_PCD_EP_SetStall                      0x08000c9d   Thumb Code   110  stm32f7xx_hal_pcd.o(.text.HAL_PCD_EP_SetStall)
    HAL_PCD_EP_Transmit                      0x08000d0b   Thumb Code    60  stm32f7xx_hal_pcd.o(.text.HAL_PCD_EP_Transmit)
    HAL_PCD_IRQHandler                       0x08000d49   Thumb Code  1580  stm32f7xx_hal_pcd.o(.text.HAL_PCD_IRQHandler)
    HAL_PCD_ISOINIncompleteCallback          0x08001375   Thumb Code     8  usbd_conf.o(.text.HAL_PCD_ISOINIncompleteCallback)
    HAL_PCD_ISOOUTIncompleteCallback         0x0800137d   Thumb Code     8  usbd_conf.o(.text.HAL_PCD_ISOOUTIncompleteCallback)
    HAL_PCD_Init                             0x08001385   Thumb Code   324  stm32f7xx_hal_pcd.o(.text.HAL_PCD_Init)
    HAL_PCD_MspInit                          0x080014c9   Thumb Code   160  usbd_conf.o(.text.HAL_PCD_MspInit)
    HAL_PCD_ResetCallback                    0x08001569   Thumb Code    42  usbd_conf.o(.text.HAL_PCD_ResetCallback)
    HAL_PCD_ResumeCallback                   0x08001593   Thumb Code     8  usbd_conf.o(.text.HAL_PCD_ResumeCallback)
    HAL_PCD_SOFCallback                      0x0800159b   Thumb Code     8  usbd_conf.o(.text.HAL_PCD_SOFCallback)
    HAL_PCD_SetAddress                       0x080015a3   Thumb Code    40  stm32f7xx_hal_pcd.o(.text.HAL_PCD_SetAddress)
    HAL_PCD_SetupStageCallback               0x080015cb   Thumb Code    14  usbd_conf.o(.text.HAL_PCD_SetupStageCallback)
    HAL_PCD_Start                            0x080015d9   Thumb Code    42  stm32f7xx_hal_pcd.o(.text.HAL_PCD_Start)
    HAL_PCD_SuspendCallback                  0x08001605   Thumb Code    48  usbd_conf.o(.text.HAL_PCD_SuspendCallback)
    HAL_PWREx_EnableOverDrive                0x08001635   Thumb Code   104  stm32f7xx_hal_pwr_ex.o(.text.HAL_PWREx_EnableOverDrive)
    HAL_PWR_EnableBkUpAccess                 0x0800169d   Thumb Code    12  stm32f7xx_hal_pwr.o(.text.HAL_PWR_EnableBkUpAccess)
    HAL_RCCEx_PeriphCLKConfig                0x080016a9   Thumb Code  1222  stm32f7xx_hal_rcc_ex.o(.text.HAL_RCCEx_PeriphCLKConfig)
    HAL_RCC_ClockConfig                      0x08001b71   Thumb Code   312  stm32f7xx_hal_rcc.o(.text.HAL_RCC_ClockConfig)
    HAL_RCC_GetHCLKFreq                      0x08001ca9   Thumb Code    12  stm32f7xx_hal_rcc.o(.text.HAL_RCC_GetHCLKFreq)
    HAL_RCC_GetSysClockFreq                  0x08001cb5   Thumb Code    92  stm32f7xx_hal_rcc.o(.text.HAL_RCC_GetSysClockFreq)
    HAL_RCC_OscConfig                        0x08001d11   Thumb Code   836  stm32f7xx_hal_rcc.o(.text.HAL_RCC_OscConfig)
    HAL_SYSTICK_Config                       0x08002055   Thumb Code    40  stm32f7xx_hal_cortex.o(.text.HAL_SYSTICK_Config)
    HAL_TIMEx_Break2Callback                 0x0800207d   Thumb Code     2  stm32f7xx_hal_tim_ex.o(.text.HAL_TIMEx_Break2Callback)
    HAL_TIMEx_BreakCallback                  0x0800207f   Thumb Code     2  stm32f7xx_hal_tim_ex.o(.text.HAL_TIMEx_BreakCallback)
    HAL_TIMEx_CommutCallback                 0x08002081   Thumb Code     2  stm32f7xx_hal_tim_ex.o(.text.HAL_TIMEx_CommutCallback)
    HAL_TIMEx_MasterConfigSynchronization    0x08002085   Thumb Code   132  stm32f7xx_hal_tim_ex.o(.text.HAL_TIMEx_MasterConfigSynchronization)
    HAL_TIM_Base_Init                        0x08002109   Thumb Code    96  stm32f7xx_hal_tim.o(.text.HAL_TIM_Base_Init)
    HAL_TIM_Base_MspInit                     0x08002169   Thumb Code    56  stm32f7xx_hal_msp.o(.text.HAL_TIM_Base_MspInit)
    HAL_TIM_Base_Start_IT                    0x080021a1   Thumb Code   136  stm32f7xx_hal_tim.o(.text.HAL_TIM_Base_Start_IT)
    HAL_TIM_ConfigClockSource                0x08002229   Thumb Code   248  stm32f7xx_hal_tim.o(.text.HAL_TIM_ConfigClockSource)
    HAL_TIM_Encoder_Init                     0x08002321   Thumb Code   168  stm32f7xx_hal_tim.o(.text.HAL_TIM_Encoder_Init)
    HAL_TIM_Encoder_MspInit                  0x080023c9   Thumb Code   120  stm32f7xx_hal_msp.o(.text.HAL_TIM_Encoder_MspInit)
    HAL_TIM_IC_CaptureCallback               0x08002441   Thumb Code     2  stm32f7xx_hal_tim.o(.text.HAL_TIM_IC_CaptureCallback)
    HAL_TIM_IRQHandler                       0x08002443   Thumb Code   394  stm32f7xx_hal_tim.o(.text.HAL_TIM_IRQHandler)
    HAL_TIM_OC_DelayElapsedCallback          0x080025cd   Thumb Code     2  stm32f7xx_hal_tim.o(.text.HAL_TIM_OC_DelayElapsedCallback)
    HAL_TIM_PWM_PulseFinishedCallback        0x080025cf   Thumb Code     2  stm32f7xx_hal_tim.o(.text.HAL_TIM_PWM_PulseFinishedCallback)
    HAL_TIM_PeriodElapsedCallback            0x080025d1   Thumb Code     2  stm32f7xx_hal_tim.o(.text.HAL_TIM_PeriodElapsedCallback)
    HAL_TIM_TriggerCallback                  0x080025d3   Thumb Code     2  stm32f7xx_hal_tim.o(.text.HAL_TIM_TriggerCallback)
    HardFault_Handler                        0x080025d5   Thumb Code     2  stm32f7xx_it.o(.text.HardFault_Handler)
    MX_USB_DEVICE_Init                       0x08002605   Thumb Code    80  usb_device.o(.text.MX_USB_DEVICE_Init)
    MemManage_Handler                        0x08002655   Thumb Code     2  stm32f7xx_it.o(.text.MemManage_Handler)
    NMI_Handler                              0x08002657   Thumb Code     2  stm32f7xx_it.o(.text.NMI_Handler)
    OTG_FS_IRQHandler                        0x08002659   Thumb Code    12  stm32f7xx_it.o(.text.OTG_FS_IRQHandler)
    PendSV_Handler                           0x08002665   Thumb Code     2  stm32f7xx_it.o(.text.PendSV_Handler)
    SVC_Handler                              0x08002667   Thumb Code     2  stm32f7xx_it.o(.text.SVC_Handler)
    SysTick_Handler                          0x0800266d   Thumb Code     4  stm32f7xx_it.o(.text.SysTick_Handler)
    SystemClock_Config                       0x08002671   Thumb Code   168  main.o(.text.SystemClock_Config)
    SystemInit                               0x08002719   Thumb Code    76  system_stm32f7xx.o(.text.SystemInit)
    TIM1_UP_TIM10_IRQHandler                 0x08002765   Thumb Code    40  stm32f7xx_it.o(.text.TIM1_UP_TIM10_IRQHandler)
    TIM2_IRQHandler                          0x0800278d   Thumb Code    24  stm32f7xx_it.o(.text.TIM2_IRQHandler)
    TIM_Base_SetConfig                       0x080027a5   Thumb Code   216  stm32f7xx_hal_tim.o(.text.TIM_Base_SetConfig)
    USBD_CDC_GetDeviceQualifierDescriptor    0x080029c9   Thumb Code    16  usbd_cdc.o(.text.USBD_CDC_GetDeviceQualifierDescriptor)
    USBD_CDC_ReceivePacket                   0x08002aa1   Thumb Code    40  usbd_cdc.o(.text.USBD_CDC_ReceivePacket)
    USBD_CDC_RegisterInterface               0x08002ac9   Thumb Code    14  usbd_cdc.o(.text.USBD_CDC_RegisterInterface)
    USBD_CDC_SetRxBuffer                     0x08002ad9   Thumb Code    12  usbd_cdc.o(.text.USBD_CDC_SetRxBuffer)
    USBD_CDC_SetTxBuffer                     0x08002ae9   Thumb Code    16  usbd_cdc.o(.text.USBD_CDC_SetTxBuffer)
    USBD_CDC_TransmitPacket                  0x08002bf9   Thumb Code    56  usbd_cdc.o(.text.USBD_CDC_TransmitPacket)
    USBD_ClrClassConfig                      0x08002c31   Thumb Code    16  usbd_core.o(.text.USBD_ClrClassConfig)
    USBD_CtlContinueRx                       0x08002c61   Thumb Code    16  usbd_ioreq.o(.text.USBD_CtlContinueRx)
    USBD_CtlContinueSendData                 0x08002c71   Thumb Code    16  usbd_ioreq.o(.text.USBD_CtlContinueSendData)
    USBD_CtlError                            0x08002c81   Thumb Code    22  usbd_ctlreq.o(.text.USBD_CtlError)
    USBD_CtlPrepareRx                        0x08002c99   Thumb Code    30  usbd_ioreq.o(.text.USBD_CtlPrepareRx)
    USBD_CtlReceiveStatus                    0x08002cb9   Thumb Code    22  usbd_ioreq.o(.text.USBD_CtlReceiveStatus)
    USBD_CtlSendData                         0x08002cd1   Thumb Code    26  usbd_ioreq.o(.text.USBD_CtlSendData)
    USBD_CtlSendStatus                       0x08002cf1   Thumb Code    22  usbd_ioreq.o(.text.USBD_CtlSendStatus)
    USBD_FS_ConfigStrDescriptor              0x08002d09   Thumb Code    32  usbd_desc.o(.text.USBD_FS_ConfigStrDescriptor)
    USBD_FS_DeviceDescriptor                 0x08002d29   Thumb Code    12  usbd_desc.o(.text.USBD_FS_DeviceDescriptor)
    USBD_FS_InterfaceStrDescriptor           0x08002d35   Thumb Code    36  usbd_desc.o(.text.USBD_FS_InterfaceStrDescriptor)
    USBD_FS_LangIDStrDescriptor              0x08002d59   Thumb Code    12  usbd_desc.o(.text.USBD_FS_LangIDStrDescriptor)
    USBD_FS_ManufacturerStrDescriptor        0x08002d65   Thumb Code    40  usbd_desc.o(.text.USBD_FS_ManufacturerStrDescriptor)
    USBD_FS_ProductStrDescriptor             0x08002d8d   Thumb Code    48  usbd_desc.o(.text.USBD_FS_ProductStrDescriptor)
    USBD_FS_SerialStrDescriptor              0x08002dbd   Thumb Code    52  usbd_desc.o(.text.USBD_FS_SerialStrDescriptor)
    USBD_FS_USR_BOSDescriptor                0x08002df1   Thumb Code    12  usbd_desc.o(.text.USBD_FS_USR_BOSDescriptor)
    USBD_GetString                           0x08002fa1   Thumb Code    66  usbd_ctlreq.o(.text.USBD_GetString)
    USBD_Get_USB_Status                      0x08002fe5   Thumb Code    24  usbd_conf.o(.text.USBD_Get_USB_Status)
    USBD_Init                                0x08003001   Thumb Code    50  usbd_core.o(.text.USBD_Init)
    USBD_LL_ClearStallEP                     0x08003033   Thumb Code    18  usbd_conf.o(.text.USBD_LL_ClearStallEP)
    USBD_LL_CloseEP                          0x08003045   Thumb Code    18  usbd_conf.o(.text.USBD_LL_CloseEP)
    USBD_LL_DataInStage                      0x08003059   Thumb Code   168  usbd_core.o(.text.USBD_LL_DataInStage)
    USBD_LL_DataOutStage                     0x08003101   Thumb Code   110  usbd_core.o(.text.USBD_LL_DataOutStage)
    USBD_LL_DevConnected                     0x08003171   Thumb Code     4  usbd_core.o(.text.USBD_LL_DevConnected)
    USBD_LL_DevDisconnected                  0x08003179   Thumb Code    24  usbd_core.o(.text.USBD_LL_DevDisconnected)
    USBD_LL_GetRxDataSize                    0x08003191   Thumb Code     8  usbd_conf.o(.text.USBD_LL_GetRxDataSize)
    USBD_LL_Init                             0x08003199   Thumb Code   100  usbd_conf.o(.text.USBD_LL_Init)
    USBD_LL_IsStallEP                        0x080031fd   Thumb Code    32  usbd_conf.o(.text.USBD_LL_IsStallEP)
    USBD_LL_IsoINIncomplete                  0x08003221   Thumb Code     4  usbd_core.o(.text.USBD_LL_IsoINIncomplete)
    USBD_LL_IsoOUTIncomplete                 0x08003229   Thumb Code     4  usbd_core.o(.text.USBD_LL_IsoOUTIncomplete)
    USBD_LL_OpenEP                           0x0800322d   Thumb Code    24  usbd_conf.o(.text.USBD_LL_OpenEP)
    USBD_LL_PrepareReceive                   0x08003245   Thumb Code    18  usbd_conf.o(.text.USBD_LL_PrepareReceive)
    USBD_LL_Reset                            0x08003259   Thumb Code    82  usbd_core.o(.text.USBD_LL_Reset)
    USBD_LL_Resume                           0x080032b1   Thumb Code    20  usbd_core.o(.text.USBD_LL_Resume)
    USBD_LL_SOF                              0x080032c9   Thumb Code    24  usbd_core.o(.text.USBD_LL_SOF)
    USBD_LL_SetSpeed                         0x080032e1   Thumb Code     8  usbd_core.o(.text.USBD_LL_SetSpeed)
    USBD_LL_SetUSBAddress                    0x080032e9   Thumb Code    18  usbd_conf.o(.text.USBD_LL_SetUSBAddress)
    USBD_LL_SetupStage                       0x08003301   Thumb Code    96  usbd_core.o(.text.USBD_LL_SetupStage)
    USBD_LL_StallEP                          0x08003361   Thumb Code    18  usbd_conf.o(.text.USBD_LL_StallEP)
    USBD_LL_Start                            0x08003373   Thumb Code    18  usbd_conf.o(.text.USBD_LL_Start)
    USBD_LL_Suspend                          0x08003389   Thumb Code    20  usbd_core.o(.text.USBD_LL_Suspend)
    USBD_LL_Transmit                         0x0800339d   Thumb Code    18  usbd_conf.o(.text.USBD_LL_Transmit)
    USBD_ParseSetupRequest                   0x080033b1   Thumb Code    40  usbd_ctlreq.o(.text.USBD_ParseSetupRequest)
    USBD_RegisterClass                       0x080033d9   Thumb Code    42  usbd_core.o(.text.USBD_RegisterClass)
    USBD_SetClassConfig                      0x08003451   Thumb Code    14  usbd_core.o(.text.USBD_SetClassConfig)
    USBD_Start                               0x08003531   Thumb Code     4  usbd_core.o(.text.USBD_Start)
    USBD_StdDevReq                           0x08003539   Thumb Code   114  usbd_ctlreq.o(.text.USBD_StdDevReq)
    USBD_StdEPReq                            0x080035b1   Thumb Code   356  usbd_ctlreq.o(.text.USBD_StdEPReq)
    USBD_StdItfReq                           0x08003719   Thumb Code    94  usbd_ctlreq.o(.text.USBD_StdItfReq)
    USB_ActivateEndpoint                     0x08003779   Thumb Code   124  stm32f7xx_ll_usb.o(.text.USB_ActivateEndpoint)
    USB_ActivateSetup                        0x080037f5   Thumb Code    30  stm32f7xx_ll_usb.o(.text.USB_ActivateSetup)
    USB_CoreInit                             0x08003815   Thumb Code   108  stm32f7xx_ll_usb.o(.text.USB_CoreInit)
    USB_DeactivateEndpoint                   0x080038b1   Thumb Code   144  stm32f7xx_ll_usb.o(.text.USB_DeactivateEndpoint)
    USB_DevConnect                           0x08003941   Thumb Code    28  stm32f7xx_ll_usb.o(.text.USB_DevConnect)
    USB_DevDisconnect                        0x0800395d   Thumb Code    28  stm32f7xx_ll_usb.o(.text.USB_DevDisconnect)
    USB_DevInit                              0x08003979   Thumb Code   388  stm32f7xx_ll_usb.o(.text.USB_DevInit)
    USB_DisableGlobalInt                     0x08003afd   Thumb Code    12  stm32f7xx_ll_usb.o(.text.USB_DisableGlobalInt)
    USB_EP0StartXfer                         0x08003b09   Thumb Code   228  stm32f7xx_ll_usb.o(.text.USB_EP0StartXfer)
    USB_EP0_OutStart                         0x08003bed   Thumb Code    88  stm32f7xx_ll_usb.o(.text.USB_EP0_OutStart)
    USB_EPClearStall                         0x08003c45   Thumb Code    50  stm32f7xx_ll_usb.o(.text.USB_EPClearStall)
    USB_EPSetStall                           0x08003c77   Thumb Code    56  stm32f7xx_ll_usb.o(.text.USB_EPSetStall)
    USB_EPStartXfer                          0x08003cb1   Thumb Code   348  stm32f7xx_ll_usb.o(.text.USB_EPStartXfer)
    USB_EnableGlobalInt                      0x08003e0d   Thumb Code    12  stm32f7xx_ll_usb.o(.text.USB_EnableGlobalInt)
    USB_FlushRxFifo                          0x08003e19   Thumb Code    24  stm32f7xx_ll_usb.o(.text.USB_FlushRxFifo)
    USB_FlushTxFifo                          0x08003e31   Thumb Code    32  stm32f7xx_ll_usb.o(.text.USB_FlushTxFifo)
    USB_GetDevSpeed                          0x08003e51   Thumb Code    28  stm32f7xx_ll_usb.o(.text.USB_GetDevSpeed)
    USB_GetMode                              0x08003e6d   Thumb Code     8  stm32f7xx_ll_usb.o(.text.USB_GetMode)
    USB_ReadDevAllInEpInterrupt              0x08003e75   Thumb Code    14  stm32f7xx_ll_usb.o(.text.USB_ReadDevAllInEpInterrupt)
    USB_ReadDevAllOutEpInterrupt             0x08003e83   Thumb Code    14  stm32f7xx_ll_usb.o(.text.USB_ReadDevAllOutEpInterrupt)
    USB_ReadDevInEPInterrupt                 0x08003e91   Thumb Code    36  stm32f7xx_ll_usb.o(.text.USB_ReadDevInEPInterrupt)
    USB_ReadDevOutEPInterrupt                0x08003eb5   Thumb Code    16  stm32f7xx_ll_usb.o(.text.USB_ReadDevOutEPInterrupt)
    USB_ReadInterrupts                       0x08003ec5   Thumb Code     8  stm32f7xx_ll_usb.o(.text.USB_ReadInterrupts)
    USB_ReadPacket                           0x08003ecd   Thumb Code    26  stm32f7xx_ll_usb.o(.text.USB_ReadPacket)
    USB_SetCurrentMode                       0x08003ee7   Thumb Code    46  stm32f7xx_ll_usb.o(.text.USB_SetCurrentMode)
    USB_SetDevAddress                        0x08003f15   Thumb Code    32  stm32f7xx_ll_usb.o(.text.USB_SetDevAddress)
    USB_SetTurnaroundTime                    0x08003f35   Thumb Code   240  stm32f7xx_ll_usb.o(.text.USB_SetTurnaroundTime)
    USB_WritePacket                          0x08004025   Thumb Code    32  stm32f7xx_ll_usb.o(.text.USB_WritePacket)
    UsageFault_Handler                       0x08004045   Thumb Code     2  stm32f7xx_it.o(.text.UsageFault_Handler)
    enc_read                                 0x0800406d   Thumb Code    24  stm32f7xx_it.o(.text.enc_read)
    main                                     0x08004085   Thumb Code   664  main.o(.text.main)
    _fp_init                                 0x0800431d   Thumb Code    26  fpinit.o(x$fpl$fpinit)
    __fplib_config_fpu_vfp                   0x08004335   Thumb Code     0  fpinit.o(x$fpl$fpinit)
    __fplib_config_pureend_doubles           0x08004335   Thumb Code     0  fpinit.o(x$fpl$fpinit)
    AHBPrescTable                            0x08004336   Data          16  system_stm32f7xx.o(.rodata.AHBPrescTable)
    Region$$Table$$Base                      0x08004348   Number         0  anon$$obj.o(Region$$Table)
    Region$$Table$$Limit                     0x08004368   Number         0  anon$$obj.o(Region$$Table)
    uwTickFreq                               0x20000000   Data           1  stm32f7xx_hal.o(.data..L_MergedGlobals)
    uwTickPrio                               0x20000004   Data           4  stm32f7xx_hal.o(.data..L_MergedGlobals)
    FS_Desc                                  0x20000008   Data          32  usbd_desc.o(.data.FS_Desc)
    SystemCoreClock                          0x20000028   Data           4  system_stm32f7xx.o(.data.SystemCoreClock)
    USBD_CDC                                 0x2000002c   Data          56  usbd_cdc.o(.data.USBD_CDC)
    USBD_FS_BOSDesc                          0x2000013c   Data          12  usbd_desc.o(.data.USBD_FS_BOSDesc)
    USBD_FS_DeviceDesc                       0x20000148   Data          18  usbd_desc.o(.data.USBD_FS_DeviceDesc)
    USBD_Interface_fops_FS                   0x2000015c   Data          20  usbd_cdc_if.o(.data.USBD_Interface_fops_FS)
    USBD_LangIDDesc                          0x20000170   Data           4  usbd_desc.o(.data.USBD_LangIDDesc)
    USBD_StringSerial                        0x20000174   Data          26  usbd_desc.o(.data.USBD_StringSerial)
    __libspace_start                         0x20000190   Data          96  libspace.o(.bss)
    ENC                                      0x200001f0   Data           4  main.o(.bss..L_MergedGlobals)
    __temporary_stack_top$libspace           0x200001f0   Data           0  libspace.o(.bss)
    a                                        0x200001f4   Data           4  main.o(.bss..L_MergedGlobals)
    ts                                       0x200001f8   Data           4  main.o(.bss..L_MergedGlobals)
    data                                     0x200001fc   Data          16  main.o(.bss..L_MergedGlobals)
    htim1                                    0x2000020c   Data          76  main.o(.bss..L_MergedGlobals)
    USBD_StrDesc                             0x2000025c   Data         512  usbd_desc.o(.bss.USBD_StrDesc)
    UserRxBufferFS                           0x2000045c   Data        2048  usbd_cdc_if.o(.bss.UserRxBufferFS)
    UserTxBufferFS                           0x20000c5c   Data        2048  usbd_cdc_if.o(.bss.UserTxBufferFS)
    enc_cnt                                  0x2000145c   Data           4  stm32f7xx_it.o(.bss.enc_cnt)
    hUsbDeviceFS                             0x20001460   Data         720  usb_device.o(.bss.hUsbDeviceFS)
    hpcd_USB_OTG_FS                          0x20001730   Data        1028  usbd_conf.o(.bss.hpcd_USB_OTG_FS)
    htim2                                    0x20001b34   Data          76  main.o(.bss.htim2)
    tim4_index                               0x20001b80   Data           4  stm32f7xx_it.o(.bss.tim4_index)
    uwTick                                   0x20001b84   Data           4  stm32f7xx_hal.o(.bss.uwTick)



==============================================================================

Memory Map of the image

  Image Entry point : 0x080001c9

  Load Region LR_IROM1 (Base: 0x08000000, Size: 0x000044f8, Max: 0x00100000, ABSOLUTE, COMPRESSED[0x00004438])

    Execution Region ER_IROM1 (Exec base: 0x08000000, Load base: 0x08000000, Size: 0x00004368, Max: 0x00100000, ABSOLUTE)

    Exec Addr    Load Addr    Size         Type   Attr      Idx    E Section Name        Object

    0x08000000   0x08000000   0x000001c8   Data   RO            3    RESET               startup_stm32f746xx.o
    0x080001c8   0x080001c8   0x00000008   Code   RO         1617  * !!!main             c_w.l(__main.o)
    0x080001d0   0x080001d0   0x00000034   Code   RO         1836    !!!scatter          c_w.l(__scatter.o)
    0x08000204   0x08000204   0x0000005a   Code   RO         1834    !!dczerorl2         c_w.l(__dczerorl2.o)
    0x0800025e   0x0800025e   0x00000002   PAD
    0x08000260   0x08000260   0x0000001c   Code   RO         1838    !!handler_zi        c_w.l(__scatter_zi.o)
    0x0800027c   0x0800027c   0x00000002   Code   RO         1769    .ARM.Collect$$libinit$$00000000  c_w.l(libinit.o)
    0x0800027e   0x0800027e   0x00000004   Code   RO         1653    .ARM.Collect$$libinit$$00000001  c_w.l(libinit2.o)
    0x08000282   0x08000282   0x00000000   Code   RO         1656    .ARM.Collect$$libinit$$00000004  c_w.l(libinit2.o)
    0x08000282   0x08000282   0x00000008   Code   RO         1657    .ARM.Collect$$libinit$$00000005  c_w.l(libinit2.o)
    0x0800028a   0x0800028a   0x00000000   Code   RO         1659    .ARM.Collect$$libinit$$0000000A  c_w.l(libinit2.o)
    0x0800028a   0x0800028a   0x00000000   Code   RO         1661    .ARM.Collect$$libinit$$0000000C  c_w.l(libinit2.o)
    0x0800028a   0x0800028a   0x00000000   Code   RO         1663    .ARM.Collect$$libinit$$0000000E  c_w.l(libinit2.o)
    0x0800028a   0x0800028a   0x00000000   Code   RO         1666    .ARM.Collect$$libinit$$00000011  c_w.l(libinit2.o)
    0x0800028a   0x0800028a   0x00000000   Code   RO         1668    .ARM.Collect$$libinit$$00000013  c_w.l(libinit2.o)
    0x0800028a   0x0800028a   0x00000000   Code   RO         1670    .ARM.Collect$$libinit$$00000015  c_w.l(libinit2.o)
    0x0800028a   0x0800028a   0x00000000   Code   RO         1672    .ARM.Collect$$libinit$$00000017  c_w.l(libinit2.o)
    0x0800028a   0x0800028a   0x00000000   Code   RO         1674    .ARM.Collect$$libinit$$00000019  c_w.l(libinit2.o)
    0x0800028a   0x0800028a   0x00000000   Code   RO         1676    .ARM.Collect$$libinit$$0000001B  c_w.l(libinit2.o)
    0x0800028a   0x0800028a   0x00000000   Code   RO         1678    .ARM.Collect$$libinit$$0000001D  c_w.l(libinit2.o)
    0x0800028a   0x0800028a   0x00000000   Code   RO         1680    .ARM.Collect$$libinit$$0000001F  c_w.l(libinit2.o)
    0x0800028a   0x0800028a   0x00000000   Code   RO         1682    .ARM.Collect$$libinit$$00000021  c_w.l(libinit2.o)
    0x0800028a   0x0800028a   0x00000000   Code   RO         1684    .ARM.Collect$$libinit$$00000023  c_w.l(libinit2.o)
    0x0800028a   0x0800028a   0x00000000   Code   RO         1686    .ARM.Collect$$libinit$$00000025  c_w.l(libinit2.o)
    0x0800028a   0x0800028a   0x00000000   Code   RO         1690    .ARM.Collect$$libinit$$0000002C  c_w.l(libinit2.o)
    0x0800028a   0x0800028a   0x00000000   Code   RO         1692    .ARM.Collect$$libinit$$0000002E  c_w.l(libinit2.o)
    0x0800028a   0x0800028a   0x00000000   Code   RO         1694    .ARM.Collect$$libinit$$00000030  c_w.l(libinit2.o)
    0x0800028a   0x0800028a   0x00000000   Code   RO         1696    .ARM.Collect$$libinit$$00000032  c_w.l(libinit2.o)
    0x0800028a   0x0800028a   0x00000002   Code   RO         1697    .ARM.Collect$$libinit$$00000033  c_w.l(libinit2.o)
    0x0800028c   0x0800028c   0x00000002   Code   RO         1831    .ARM.Collect$$libshutdown$$00000000  c_w.l(libshutdown.o)
    0x0800028e   0x0800028e   0x00000000   Code   RO         1787    .ARM.Collect$$libshutdown$$00000002  c_w.l(libshutdown2.o)
    0x0800028e   0x0800028e   0x00000000   Code   RO         1789    .ARM.Collect$$libshutdown$$00000004  c_w.l(libshutdown2.o)
    0x0800028e   0x0800028e   0x00000000   Code   RO         1792    .ARM.Collect$$libshutdown$$00000007  c_w.l(libshutdown2.o)
    0x0800028e   0x0800028e   0x00000000   Code   RO         1795    .ARM.Collect$$libshutdown$$0000000A  c_w.l(libshutdown2.o)
    0x0800028e   0x0800028e   0x00000000   Code   RO         1797    .ARM.Collect$$libshutdown$$0000000C  c_w.l(libshutdown2.o)
    0x0800028e   0x0800028e   0x00000000   Code   RO         1800    .ARM.Collect$$libshutdown$$0000000F  c_w.l(libshutdown2.o)
    0x0800028e   0x0800028e   0x00000002   Code   RO         1801    .ARM.Collect$$libshutdown$$00000010  c_w.l(libshutdown2.o)
    0x08000290   0x08000290   0x00000000   Code   RO         1621    .ARM.Collect$$rtentry$$00000000  c_w.l(__rtentry.o)
    0x08000290   0x08000290   0x00000000   Code   RO         1706    .ARM.Collect$$rtentry$$00000002  c_w.l(__rtentry2.o)
    0x08000290   0x08000290   0x00000006   Code   RO         1718    .ARM.Collect$$rtentry$$00000004  c_w.l(__rtentry4.o)
    0x08000296   0x08000296   0x00000000   Code   RO         1708    .ARM.Collect$$rtentry$$00000009  c_w.l(__rtentry2.o)
    0x08000296   0x08000296   0x00000004   Code   RO         1709    .ARM.Collect$$rtentry$$0000000A  c_w.l(__rtentry2.o)
    0x0800029a   0x0800029a   0x00000000   Code   RO         1711    .ARM.Collect$$rtentry$$0000000C  c_w.l(__rtentry2.o)
    0x0800029a   0x0800029a   0x00000008   Code   RO         1712    .ARM.Collect$$rtentry$$0000000D  c_w.l(__rtentry2.o)
    0x080002a2   0x080002a2   0x00000002   Code   RO         1774    .ARM.Collect$$rtexit$$00000000  c_w.l(rtexit.o)
    0x080002a4   0x080002a4   0x00000000   Code   RO         1807    .ARM.Collect$$rtexit$$00000002  c_w.l(rtexit2.o)
    0x080002a4   0x080002a4   0x00000004   Code   RO         1808    .ARM.Collect$$rtexit$$00000003  c_w.l(rtexit2.o)
    0x080002a8   0x080002a8   0x00000006   Code   RO         1809    .ARM.Collect$$rtexit$$00000004  c_w.l(rtexit2.o)
    0x080002ae   0x080002ae   0x00000002   PAD
    0x080002b0   0x080002b0   0x00000040   Code   RO            4    .text               startup_stm32f746xx.o
    0x080002f0   0x080002f0   0x0000005e   Code   RO         1553    .text               c_w.l(h1_alloc.o)
    0x0800034e   0x0800034e   0x0000004e   Code   RO         1555    .text               c_w.l(h1_free.o)
    0x0800039c   0x0800039c   0x000000f0   Code   RO         1611    .text               c_w.l(lludivv7m.o)
    0x0800048c   0x0800048c   0x0000004e   Code   RO         1613    .text               c_w.l(rt_memclr_w.o)
    0x080004da   0x080004da   0x00000006   Code   RO         1615    .text               c_w.l(heapauxi.o)
    0x080004e0   0x080004e0   0x00000008   Code   RO         1629    .text               c_w.l(rt_heap_descriptor_intlibspace.o)
    0x080004e8   0x080004e8   0x00000004   Code   RO         1631    .text               c_w.l(hguard.o)
    0x080004ec   0x080004ec   0x0000008a   Code   RO         1633    .text               c_w.l(init_alloc.o)
    0x08000576   0x08000576   0x0000000e   Code   RO         1637    .text               c_w.l(h1_init.o)
    0x08000584   0x08000584   0x00000008   Code   RO         1702    .text               c_w.l(libspace.o)
    0x0800058c   0x0800058c   0x00000000   Code   RO         1724    .text               c_w.l(maybetermalloc1.o)
    0x0800058c   0x0800058c   0x00000034   Code   RO         1726    .text               c_w.l(h1_extend.o)
    0x080005c0   0x080005c0   0x0000000e   Code   RO         1730    .text               c_w.l(defsig_rtmem_outer.o)
    0x080005ce   0x080005ce   0x00000002   Code   RO         1741    .text               c_w.l(use_no_semi.o)
    0x080005d0   0x080005d0   0x00000000   Code   RO         1743    .text               c_w.l(indicate_semi.o)
    0x080005d0   0x080005d0   0x0000004a   Code   RO         1744    .text               c_w.l(sys_stackheap_outer.o)
    0x0800061a   0x0800061a   0x00000012   Code   RO         1750    .text               c_w.l(exit.o)
    0x0800062c   0x0800062c   0x0000000a   Code   RO         1752    .text               c_w.l(defsig_exit.o)
    0x08000636   0x08000636   0x00000002   PAD
    0x08000638   0x08000638   0x00000050   Code   RO         1758    .text               c_w.l(defsig_rtmem_inner.o)
    0x08000688   0x08000688   0x0000000c   Code   RO         1770    .text               c_w.l(sys_exit.o)
    0x08000694   0x08000694   0x00000032   Code   RO         1782    .text               c_w.l(defsig_general.o)
    0x080006c6   0x080006c6   0x0000000e   Code   RO         1802    .text               c_w.l(sys_wrch.o)
    0x080006d4   0x080006d4   0x00000002   Code   RO          174    .text.BusFault_Handler  stm32f7xx_it.o
    0x080006d6   0x080006d6   0x00000004   Code   RO          146    .text.CDC_Control_FS  usbd_cdc_if.o
    0x080006da   0x080006da   0x00000004   Code   RO          144    .text.CDC_DeInit_FS  usbd_cdc_if.o
    0x080006de   0x080006de   0x00000002   PAD
    0x080006e0   0x080006e0   0x00000024   Code   RO          142    .text.CDC_Init_FS   usbd_cdc_if.o
    0x08000704   0x08000704   0x00000018   Code   RO          148    .text.CDC_Receive_FS  usbd_cdc_if.o
    0x0800071c   0x0800071c   0x00000004   Code   RO          150    .text.CDC_TransmitCplt_FS  usbd_cdc_if.o
    0x08000720   0x08000720   0x0000002c   Code   RO          152    .text.CDC_Transmit_FS  usbd_cdc_if.o
    0x0800074c   0x0800074c   0x00000002   Code   RO          180    .text.DebugMon_Handler  stm32f7xx_it.o
    0x0800074e   0x0800074e   0x00000002   Code   RO           15    .text.Error_Handler  main.o
    0x08000750   0x08000750   0x00000020   Code   RO          774    .text.HAL_Delay     stm32f7xx_hal.o
    0x08000770   0x08000770   0x00000198   Code   RO          550    .text.HAL_GPIO_Init  stm32f7xx_hal_gpio.o
    0x08000908   0x08000908   0x0000000a   Code   RO          556    .text.HAL_GPIO_WritePin  stm32f7xx_hal_gpio.o
    0x08000912   0x08000912   0x00000002   PAD
    0x08000914   0x08000914   0x00000008   Code   RO          766    .text.HAL_GetTick   stm32f7xx_hal.o
    0x0800091c   0x0800091c   0x00000014   Code   RO          764    .text.HAL_IncTick   stm32f7xx_hal.o
    0x08000930   0x08000930   0x00000016   Code   RO          754    .text.HAL_Init      stm32f7xx_hal.o
    0x08000946   0x08000946   0x00000002   PAD
    0x08000948   0x08000948   0x00000040   Code   RO          756    .text.HAL_InitTick  stm32f7xx_hal.o
    0x08000988   0x08000988   0x00000030   Code   RO          203    .text.HAL_MspInit   stm32f7xx_hal_msp.o
    0x080009b8   0x080009b8   0x0000001c   Code   RO          711    .text.HAL_NVIC_EnableIRQ  stm32f7xx_hal_cortex.o
    0x080009d4   0x080009d4   0x00000038   Code   RO          707    .text.HAL_NVIC_SetPriority  stm32f7xx_hal_cortex.o
    0x08000a0c   0x08000a0c   0x00000020   Code   RO          705    .text.HAL_NVIC_SetPriorityGrouping  stm32f7xx_hal_cortex.o
    0x08000a2c   0x08000a2c   0x00000028   Code   RO          301    .text.HAL_PCDEx_ActivateLPM  stm32f7xx_hal_pcd_ex.o
    0x08000a54   0x08000a54   0x00000060   Code   RO           95    .text.HAL_PCDEx_LPM_Callback  usbd_conf.o
    0x08000ab4   0x08000ab4   0x00000008   Code   RO          299    .text.HAL_PCDEx_SetRxFiFo  stm32f7xx_hal_pcd_ex.o
    0x08000abc   0x08000abc   0x00000040   Code   RO          297    .text.HAL_PCDEx_SetTxFiFo  stm32f7xx_hal_pcd_ex.o
    0x08000afc   0x08000afc   0x00000008   Code   RO           61    .text.HAL_PCD_ConnectCallback  usbd_conf.o
    0x08000b04   0x08000b04   0x00000012   Code   RO           47    .text.HAL_PCD_DataInStageCallback  usbd_conf.o
    0x08000b16   0x08000b16   0x00000014   Code   RO           45    .text.HAL_PCD_DataOutStageCallback  usbd_conf.o
    0x08000b2a   0x08000b2a   0x00000008   Code   RO           63    .text.HAL_PCD_DisconnectCallback  usbd_conf.o
    0x08000b32   0x08000b32   0x00000052   Code   RO          268    .text.HAL_PCD_EP_Close  stm32f7xx_hal_pcd.o
    0x08000b84   0x08000b84   0x00000060   Code   RO          278    .text.HAL_PCD_EP_ClrStall  stm32f7xx_hal_pcd.o
    0x08000be4   0x08000be4   0x00000012   Code   RO          272    .text.HAL_PCD_EP_GetRxCount  stm32f7xx_hal_pcd.o
    0x08000bf6   0x08000bf6   0x00000064   Code   RO          266    .text.HAL_PCD_EP_Open  stm32f7xx_hal_pcd.o
    0x08000c5a   0x08000c5a   0x00000042   Code   RO          270    .text.HAL_PCD_EP_Receive  stm32f7xx_hal_pcd.o
    0x08000c9c   0x08000c9c   0x0000006e   Code   RO          276    .text.HAL_PCD_EP_SetStall  stm32f7xx_hal_pcd.o
    0x08000d0a   0x08000d0a   0x0000003c   Code   RO          274    .text.HAL_PCD_EP_Transmit  stm32f7xx_hal_pcd.o
    0x08000d46   0x08000d46   0x00000002   PAD
    0x08000d48   0x08000d48   0x0000062c   Code   RO          234    .text.HAL_PCD_IRQHandler  stm32f7xx_hal_pcd.o
    0x08001374   0x08001374   0x00000008   Code   RO           59    .text.HAL_PCD_ISOINIncompleteCallback  usbd_conf.o
    0x0800137c   0x0800137c   0x00000008   Code   RO           57    .text.HAL_PCD_ISOOUTIncompleteCallback  usbd_conf.o
    0x08001384   0x08001384   0x00000144   Code   RO          222    .text.HAL_PCD_Init  stm32f7xx_hal_pcd.o
    0x080014c8   0x080014c8   0x000000a0   Code   RO           39    .text.HAL_PCD_MspInit  usbd_conf.o
    0x08001568   0x08001568   0x0000002a   Code   RO           51    .text.HAL_PCD_ResetCallback  usbd_conf.o
    0x08001592   0x08001592   0x00000008   Code   RO           55    .text.HAL_PCD_ResumeCallback  usbd_conf.o
    0x0800159a   0x0800159a   0x00000008   Code   RO           49    .text.HAL_PCD_SOFCallback  usbd_conf.o
    0x080015a2   0x080015a2   0x00000028   Code   RO          264    .text.HAL_PCD_SetAddress  stm32f7xx_hal_pcd.o
    0x080015ca   0x080015ca   0x0000000e   Code   RO           43    .text.HAL_PCD_SetupStageCallback  usbd_conf.o
    0x080015d8   0x080015d8   0x0000002a   Code   RO          230    .text.HAL_PCD_Start  stm32f7xx_hal_pcd.o
    0x08001602   0x08001602   0x00000002   PAD
    0x08001604   0x08001604   0x00000030   Code   RO           53    .text.HAL_PCD_SuspendCallback  usbd_conf.o
    0x08001634   0x08001634   0x00000068   Code   RO          686    .text.HAL_PWREx_EnableOverDrive  stm32f7xx_hal_pwr_ex.o
    0x0800169c   0x0800169c   0x0000000c   Code   RO          629    .text.HAL_PWR_EnableBkUpAccess  stm32f7xx_hal_pwr.o
    0x080016a8   0x080016a8   0x000004c6   Code   RO          460    .text.HAL_RCCEx_PeriphCLKConfig  stm32f7xx_hal_rcc_ex.o
    0x08001b6e   0x08001b6e   0x00000002   PAD
    0x08001b70   0x08001b70   0x00000138   Code   RO          427    .text.HAL_RCC_ClockConfig  stm32f7xx_hal_rcc.o
    0x08001ca8   0x08001ca8   0x0000000c   Code   RO          437    .text.HAL_RCC_GetHCLKFreq  stm32f7xx_hal_rcc.o
    0x08001cb4   0x08001cb4   0x0000005c   Code   RO          429    .text.HAL_RCC_GetSysClockFreq  stm32f7xx_hal_rcc.o
    0x08001d10   0x08001d10   0x00000344   Code   RO          425    .text.HAL_RCC_OscConfig  stm32f7xx_hal_rcc.o
    0x08002054   0x08002054   0x00000028   Code   RO          719    .text.HAL_SYSTICK_Config  stm32f7xx_hal_cortex.o
    0x0800207c   0x0800207c   0x00000002   Code   RO         1361    .text.HAL_TIMEx_Break2Callback  stm32f7xx_hal_tim_ex.o
    0x0800207e   0x0800207e   0x00000002   Code   RO         1359    .text.HAL_TIMEx_BreakCallback  stm32f7xx_hal_tim_ex.o
    0x08002080   0x08002080   0x00000002   Code   RO         1355    .text.HAL_TIMEx_CommutCallback  stm32f7xx_hal_tim_ex.o
    0x08002082   0x08002082   0x00000002   PAD
    0x08002084   0x08002084   0x00000084   Code   RO         1347    .text.HAL_TIMEx_MasterConfigSynchronization  stm32f7xx_hal_tim_ex.o
    0x08002108   0x08002108   0x00000060   Code   RO         1034    .text.HAL_TIM_Base_Init  stm32f7xx_hal_tim.o
    0x08002168   0x08002168   0x00000038   Code   RO          207    .text.HAL_TIM_Base_MspInit  stm32f7xx_hal_msp.o
    0x080021a0   0x080021a0   0x00000088   Code   RO         1048    .text.HAL_TIM_Base_Start_IT  stm32f7xx_hal_tim.o
    0x08002228   0x08002228   0x000000f8   Code   RO         1226    .text.HAL_TIM_ConfigClockSource  stm32f7xx_hal_tim.o
    0x08002320   0x08002320   0x000000a8   Code   RO         1148    .text.HAL_TIM_Encoder_Init  stm32f7xx_hal_tim.o
    0x080023c8   0x080023c8   0x00000078   Code   RO          205    .text.HAL_TIM_Encoder_MspInit  stm32f7xx_hal_msp.o
    0x08002440   0x08002440   0x00000002   Code   RO         1170    .text.HAL_TIM_IC_CaptureCallback  stm32f7xx_hal_tim.o
    0x08002442   0x08002442   0x0000018a   Code   RO         1168    .text.HAL_TIM_IRQHandler  stm32f7xx_hal_tim.o
    0x080025cc   0x080025cc   0x00000002   Code   RO         1172    .text.HAL_TIM_OC_DelayElapsedCallback  stm32f7xx_hal_tim.o
    0x080025ce   0x080025ce   0x00000002   Code   RO         1174    .text.HAL_TIM_PWM_PulseFinishedCallback  stm32f7xx_hal_tim.o
    0x080025d0   0x080025d0   0x00000002   Code   RO         1176    .text.HAL_TIM_PeriodElapsedCallback  stm32f7xx_hal_tim.o
    0x080025d2   0x080025d2   0x00000002   Code   RO         1178    .text.HAL_TIM_TriggerCallback  stm32f7xx_hal_tim.o
    0x080025d4   0x080025d4   0x00000002   Code   RO          170    .text.HardFault_Handler  stm32f7xx_it.o
    0x080025d6   0x080025d6   0x0000002e   Code   RO          125    .text.IntToUnicode  usbd_desc.o
    0x08002604   0x08002604   0x00000050   Code   RO           29    .text.MX_USB_DEVICE_Init  usb_device.o
    0x08002654   0x08002654   0x00000002   Code   RO          172    .text.MemManage_Handler  stm32f7xx_it.o
    0x08002656   0x08002656   0x00000002   Code   RO          168    .text.NMI_Handler   stm32f7xx_it.o
    0x08002658   0x08002658   0x0000000c   Code   RO          190    .text.OTG_FS_IRQHandler  stm32f7xx_it.o
    0x08002664   0x08002664   0x00000002   Code   RO          182    .text.PendSV_Handler  stm32f7xx_it.o
    0x08002666   0x08002666   0x00000002   Code   RO          178    .text.SVC_Handler   stm32f7xx_it.o
    0x08002668   0x08002668   0x00000004   Code   RO         1465    .text.SWAPBYTE      usbd_ctlreq.o
    0x0800266c   0x0800266c   0x00000004   Code   RO          184    .text.SysTick_Handler  stm32f7xx_it.o
    0x08002670   0x08002670   0x000000a8   Code   RO           13    .text.SystemClock_Config  main.o
    0x08002718   0x08002718   0x0000004c   Code   RO         1376    .text.SystemInit    system_stm32f7xx.o
    0x08002764   0x08002764   0x00000028   Code   RO          186    .text.TIM1_UP_TIM10_IRQHandler  stm32f7xx_it.o
    0x0800278c   0x0800278c   0x00000018   Code   RO          188    .text.TIM2_IRQHandler  stm32f7xx_it.o
    0x080027a4   0x080027a4   0x000000d8   Code   RO         1038    .text.TIM_Base_SetConfig  stm32f7xx_hal_tim.o
    0x0800287c   0x0800287c   0x00000022   Code   RO         1228    .text.TIM_TI1_ConfigInputStage  stm32f7xx_hal_tim.o
    0x0800289e   0x0800289e   0x00000022   Code   RO         1230    .text.TIM_TI2_ConfigInputStage  stm32f7xx_hal_tim.o
    0x080028c0   0x080028c0   0x00000066   Code   RO         1512    .text.USBD_CDC_DataIn  usbd_cdc.o
    0x08002926   0x08002926   0x00000002   PAD
    0x08002928   0x08002928   0x0000002a   Code   RO         1514    .text.USBD_CDC_DataOut  usbd_cdc.o
    0x08002952   0x08002952   0x00000006   PAD
    0x08002958   0x08002958   0x00000042   Code   RO         1506    .text.USBD_CDC_DeInit  usbd_cdc.o
    0x0800299a   0x0800299a   0x00000006   PAD
    0x080029a0   0x080029a0   0x00000028   Code   RO         1510    .text.USBD_CDC_EP0_RxReady  usbd_cdc.o
    0x080029c8   0x080029c8   0x00000010   Code   RO         1522    .text.USBD_CDC_GetDeviceQualifierDescriptor  usbd_cdc.o
    0x080029d8   0x080029d8   0x00000010   Code   RO         1518    .text.USBD_CDC_GetFSCfgDesc  usbd_cdc.o
    0x080029e8   0x080029e8   0x00000010   Code   RO         1516    .text.USBD_CDC_GetHSCfgDesc  usbd_cdc.o
    0x080029f8   0x080029f8   0x00000010   Code   RO         1520    .text.USBD_CDC_GetOtherSpeedCfgDesc  usbd_cdc.o
    0x08002a08   0x08002a08   0x00000094   Code   RO         1504    .text.USBD_CDC_Init  usbd_cdc.o
    0x08002a9c   0x08002a9c   0x00000004   PAD
    0x08002aa0   0x08002aa0   0x00000028   Code   RO         1532    .text.USBD_CDC_ReceivePacket  usbd_cdc.o
    0x08002ac8   0x08002ac8   0x0000000e   Code   RO         1524    .text.USBD_CDC_RegisterInterface  usbd_cdc.o
    0x08002ad6   0x08002ad6   0x00000002   PAD
    0x08002ad8   0x08002ad8   0x0000000c   Code   RO         1528    .text.USBD_CDC_SetRxBuffer  usbd_cdc.o
    0x08002ae4   0x08002ae4   0x00000004   PAD
    0x08002ae8   0x08002ae8   0x00000010   Code   RO         1526    .text.USBD_CDC_SetTxBuffer  usbd_cdc.o
    0x08002af8   0x08002af8   0x00000100   Code   RO         1508    .text.USBD_CDC_Setup  usbd_cdc.o
    0x08002bf8   0x08002bf8   0x00000038   Code   RO         1530    .text.USBD_CDC_TransmitPacket  usbd_cdc.o
    0x08002c30   0x08002c30   0x00000010   Code   RO         1406    .text.USBD_ClrClassConfig  usbd_core.o
    0x08002c40   0x08002c40   0x00000020   Code   RO         1455    .text.USBD_ClrFeature  usbd_ctlreq.o
    0x08002c60   0x08002c60   0x00000010   Code   RO         1487    .text.USBD_CtlContinueRx  usbd_ioreq.o
    0x08002c70   0x08002c70   0x00000010   Code   RO         1483    .text.USBD_CtlContinueSendData  usbd_ioreq.o
    0x08002c80   0x08002c80   0x00000016   Code   RO         1457    .text.USBD_CtlError  usbd_ctlreq.o
    0x08002c96   0x08002c96   0x00000002   PAD
    0x08002c98   0x08002c98   0x0000001e   Code   RO         1485    .text.USBD_CtlPrepareRx  usbd_ioreq.o
    0x08002cb6   0x08002cb6   0x00000002   PAD
    0x08002cb8   0x08002cb8   0x00000016   Code   RO         1491    .text.USBD_CtlReceiveStatus  usbd_ioreq.o
    0x08002cce   0x08002cce   0x00000002   PAD
    0x08002cd0   0x08002cd0   0x0000001a   Code   RO         1481    .text.USBD_CtlSendData  usbd_ioreq.o
    0x08002cea   0x08002cea   0x00000006   PAD
    0x08002cf0   0x08002cf0   0x00000016   Code   RO         1489    .text.USBD_CtlSendStatus  usbd_ioreq.o
    0x08002d06   0x08002d06   0x00000002   PAD
    0x08002d08   0x08002d08   0x00000020   Code   RO          119    .text.USBD_FS_ConfigStrDescriptor  usbd_desc.o
    0x08002d28   0x08002d28   0x0000000c   Code   RO          109    .text.USBD_FS_DeviceDescriptor  usbd_desc.o
    0x08002d34   0x08002d34   0x00000024   Code   RO          121    .text.USBD_FS_InterfaceStrDescriptor  usbd_desc.o
    0x08002d58   0x08002d58   0x0000000c   Code   RO          111    .text.USBD_FS_LangIDStrDescriptor  usbd_desc.o
    0x08002d64   0x08002d64   0x00000028   Code   RO          113    .text.USBD_FS_ManufacturerStrDescriptor  usbd_desc.o
    0x08002d8c   0x08002d8c   0x00000030   Code   RO          115    .text.USBD_FS_ProductStrDescriptor  usbd_desc.o
    0x08002dbc   0x08002dbc   0x00000034   Code   RO          117    .text.USBD_FS_SerialStrDescriptor  usbd_desc.o
    0x08002df0   0x08002df0   0x0000000c   Code   RO          123    .text.USBD_FS_USR_BOSDescriptor  usbd_desc.o
    0x08002dfc   0x08002dfc   0x00000004   PAD
    0x08002e00   0x08002e00   0x0000002e   Code   RO         1449    .text.USBD_GetConfig  usbd_ctlreq.o
    0x08002e2e   0x08002e2e   0x00000002   PAD
    0x08002e30   0x08002e30   0x0000011a   Code   RO         1443    .text.USBD_GetDescriptor  usbd_ctlreq.o
    0x08002f4a   0x08002f4a   0x00000006   PAD
    0x08002f50   0x08002f50   0x0000001c   Code   RO         1469    .text.USBD_GetLen   usbd_ctlreq.o
    0x08002f6c   0x08002f6c   0x00000004   PAD
    0x08002f70   0x08002f70   0x0000002c   Code   RO         1451    .text.USBD_GetStatus  usbd_ctlreq.o
    0x08002f9c   0x08002f9c   0x00000004   PAD
    0x08002fa0   0x08002fa0   0x00000042   Code   RO         1467    .text.USBD_GetString  usbd_ctlreq.o
    0x08002fe2   0x08002fe2   0x00000002   PAD
    0x08002fe4   0x08002fe4   0x00000018   Code   RO           69    .text.USBD_Get_USB_Status  usbd_conf.o
    0x08002ffc   0x08002ffc   0x00000004   PAD
    0x08003000   0x08003000   0x00000032   Code   RO         1392    .text.USBD_Init     usbd_core.o
    0x08003032   0x08003032   0x00000012   Code   RO           83    .text.USBD_LL_ClearStallEP  usbd_conf.o
    0x08003044   0x08003044   0x00000012   Code   RO           77    .text.USBD_LL_CloseEP  usbd_conf.o
    0x08003056   0x08003056   0x00000002   PAD
    0x08003058   0x08003058   0x000000a8   Code   RO         1412    .text.USBD_LL_DataInStage  usbd_core.o
    0x08003100   0x08003100   0x0000006e   Code   RO         1410    .text.USBD_LL_DataOutStage  usbd_core.o
    0x0800316e   0x0800316e   0x00000002   PAD
    0x08003170   0x08003170   0x00000004   Code   RO         1428    .text.USBD_LL_DevConnected  usbd_core.o
    0x08003174   0x08003174   0x00000004   PAD
    0x08003178   0x08003178   0x00000018   Code   RO         1430    .text.USBD_LL_DevDisconnected  usbd_core.o
    0x08003190   0x08003190   0x00000008   Code   RO           93    .text.USBD_LL_GetRxDataSize  usbd_conf.o
    0x08003198   0x08003198   0x00000064   Code   RO           65    .text.USBD_LL_Init  usbd_conf.o
    0x080031fc   0x080031fc   0x00000020   Code   RO           85    .text.USBD_LL_IsStallEP  usbd_conf.o
    0x0800321c   0x0800321c   0x00000004   PAD
    0x08003220   0x08003220   0x00000004   Code   RO         1424    .text.USBD_LL_IsoINIncomplete  usbd_core.o
    0x08003224   0x08003224   0x00000004   PAD
    0x08003228   0x08003228   0x00000004   Code   RO         1426    .text.USBD_LL_IsoOUTIncomplete  usbd_core.o
    0x0800322c   0x0800322c   0x00000018   Code   RO           75    .text.USBD_LL_OpenEP  usbd_conf.o
    0x08003244   0x08003244   0x00000012   Code   RO           91    .text.USBD_LL_PrepareReceive  usbd_conf.o
    0x08003256   0x08003256   0x00000002   PAD
    0x08003258   0x08003258   0x00000052   Code   RO         1414    .text.USBD_LL_Reset  usbd_core.o
    0x080032aa   0x080032aa   0x00000006   PAD
    0x080032b0   0x080032b0   0x00000014   Code   RO         1420    .text.USBD_LL_Resume  usbd_core.o
    0x080032c4   0x080032c4   0x00000004   PAD
    0x080032c8   0x080032c8   0x00000018   Code   RO         1422    .text.USBD_LL_SOF   usbd_core.o
    0x080032e0   0x080032e0   0x00000008   Code   RO         1416    .text.USBD_LL_SetSpeed  usbd_core.o
    0x080032e8   0x080032e8   0x00000012   Code   RO           87    .text.USBD_LL_SetUSBAddress  usbd_conf.o
    0x080032fa   0x080032fa   0x00000006   PAD
    0x08003300   0x08003300   0x00000060   Code   RO         1408    .text.USBD_LL_SetupStage  usbd_core.o
    0x08003360   0x08003360   0x00000012   Code   RO           81    .text.USBD_LL_StallEP  usbd_conf.o
    0x08003372   0x08003372   0x00000012   Code   RO           71    .text.USBD_LL_Start  usbd_conf.o
    0x08003384   0x08003384   0x00000004   PAD
    0x08003388   0x08003388   0x00000014   Code   RO         1418    .text.USBD_LL_Suspend  usbd_core.o
    0x0800339c   0x0800339c   0x00000012   Code   RO           89    .text.USBD_LL_Transmit  usbd_conf.o
    0x080033ae   0x080033ae   0x00000002   PAD
    0x080033b0   0x080033b0   0x00000028   Code   RO         1463    .text.USBD_ParseSetupRequest  usbd_ctlreq.o
    0x080033d8   0x080033d8   0x0000002a   Code   RO         1396    .text.USBD_RegisterClass  usbd_core.o
    0x08003402   0x08003402   0x00000006   PAD
    0x08003408   0x08003408   0x00000048   Code   RO         1445    .text.USBD_SetAddress  usbd_ctlreq.o
    0x08003450   0x08003450   0x0000000e   Code   RO         1404    .text.USBD_SetClassConfig  usbd_core.o
    0x0800345e   0x0800345e   0x00000002   PAD
    0x08003460   0x08003460   0x000000b4   Code   RO         1447    .text.USBD_SetConfig  usbd_ctlreq.o
    0x08003514   0x08003514   0x00000004   PAD
    0x08003518   0x08003518   0x00000012   Code   RO         1453    .text.USBD_SetFeature  usbd_ctlreq.o
    0x0800352a   0x0800352a   0x00000006   PAD
    0x08003530   0x08003530   0x00000004   Code   RO         1398    .text.USBD_Start    usbd_core.o
    0x08003534   0x08003534   0x00000004   PAD
    0x08003538   0x08003538   0x00000072   Code   RO         1441    .text.USBD_StdDevReq  usbd_ctlreq.o
    0x080035aa   0x080035aa   0x00000006   PAD
    0x080035b0   0x080035b0   0x00000164   Code   RO         1461    .text.USBD_StdEPReq  usbd_ctlreq.o
    0x08003714   0x08003714   0x00000004   PAD
    0x08003718   0x08003718   0x0000005e   Code   RO         1459    .text.USBD_StdItfReq  usbd_ctlreq.o
    0x08003776   0x08003776   0x00000002   PAD
    0x08003778   0x08003778   0x0000007c   Code   RO          340    .text.USB_ActivateEndpoint  stm32f7xx_ll_usb.o
    0x080037f4   0x080037f4   0x0000001e   Code   RO          382    .text.USB_ActivateSetup  stm32f7xx_ll_usb.o
    0x08003812   0x08003812   0x00000002   PAD
    0x08003814   0x08003814   0x0000006c   Code   RO          318    .text.USB_CoreInit  stm32f7xx_ll_usb.o
    0x08003880   0x08003880   0x00000030   Code   RO          320    .text.USB_CoreReset  stm32f7xx_ll_usb.o
    0x080038b0   0x080038b0   0x00000090   Code   RO          344    .text.USB_DeactivateEndpoint  stm32f7xx_ll_usb.o
    0x08003940   0x08003940   0x0000001c   Code   RO          364    .text.USB_DevConnect  stm32f7xx_ll_usb.o
    0x0800395c   0x0800395c   0x0000001c   Code   RO          366    .text.USB_DevDisconnect  stm32f7xx_ll_usb.o
    0x08003978   0x08003978   0x00000184   Code   RO          330    .text.USB_DevInit   stm32f7xx_ll_usb.o
    0x08003afc   0x08003afc   0x0000000c   Code   RO          326    .text.USB_DisableGlobalInt  stm32f7xx_ll_usb.o
    0x08003b08   0x08003b08   0x000000e4   Code   RO          352    .text.USB_EP0StartXfer  stm32f7xx_ll_usb.o
    0x08003bec   0x08003bec   0x00000058   Code   RO          384    .text.USB_EP0_OutStart  stm32f7xx_ll_usb.o
    0x08003c44   0x08003c44   0x00000032   Code   RO          358    .text.USB_EPClearStall  stm32f7xx_ll_usb.o
    0x08003c76   0x08003c76   0x00000038   Code   RO          356    .text.USB_EPSetStall  stm32f7xx_ll_usb.o
    0x08003cae   0x08003cae   0x00000002   PAD
    0x08003cb0   0x08003cb0   0x0000015c   Code   RO          348    .text.USB_EPStartXfer  stm32f7xx_ll_usb.o
    0x08003e0c   0x08003e0c   0x0000000c   Code   RO          324    .text.USB_EnableGlobalInt  stm32f7xx_ll_usb.o
    0x08003e18   0x08003e18   0x00000018   Code   RO          336    .text.USB_FlushRxFifo  stm32f7xx_ll_usb.o
    0x08003e30   0x08003e30   0x00000020   Code   RO          334    .text.USB_FlushTxFifo  stm32f7xx_ll_usb.o
    0x08003e50   0x08003e50   0x0000001c   Code   RO          338    .text.USB_GetDevSpeed  stm32f7xx_ll_usb.o
    0x08003e6c   0x08003e6c   0x00000008   Code   RO          380    .text.USB_GetMode   stm32f7xx_ll_usb.o
    0x08003e74   0x08003e74   0x0000000e   Code   RO          372    .text.USB_ReadDevAllInEpInterrupt  stm32f7xx_ll_usb.o
    0x08003e82   0x08003e82   0x0000000e   Code   RO          370    .text.USB_ReadDevAllOutEpInterrupt  stm32f7xx_ll_usb.o
    0x08003e90   0x08003e90   0x00000024   Code   RO          376    .text.USB_ReadDevInEPInterrupt  stm32f7xx_ll_usb.o
    0x08003eb4   0x08003eb4   0x00000010   Code   RO          374    .text.USB_ReadDevOutEPInterrupt  stm32f7xx_ll_usb.o
    0x08003ec4   0x08003ec4   0x00000008   Code   RO          368    .text.USB_ReadInterrupts  stm32f7xx_ll_usb.o
    0x08003ecc   0x08003ecc   0x0000001a   Code   RO          354    .text.USB_ReadPacket  stm32f7xx_ll_usb.o
    0x08003ee6   0x08003ee6   0x0000002e   Code   RO          328    .text.USB_SetCurrentMode  stm32f7xx_ll_usb.o
    0x08003f14   0x08003f14   0x00000020   Code   RO          362    .text.USB_SetDevAddress  stm32f7xx_ll_usb.o
    0x08003f34   0x08003f34   0x000000f0   Code   RO          322    .text.USB_SetTurnaroundTime  stm32f7xx_ll_usb.o
    0x08004024   0x08004024   0x00000020   Code   RO          350    .text.USB_WritePacket  stm32f7xx_ll_usb.o
    0x08004044   0x08004044   0x00000002   Code   RO          176    .text.UsageFault_Handler  stm32f7xx_it.o
    0x08004046   0x08004046   0x00000002   PAD
    0x08004048   0x08004048   0x00000024   Code   RO          709    .text.__NVIC_SetPriority  stm32f7xx_hal_cortex.o
    0x0800406c   0x0800406c   0x00000018   Code   RO          166    .text.enc_read      stm32f7xx_it.o
    0x08004084   0x08004084   0x00000298   Code   RO           11    .text.main          main.o
    0x0800431c   0x0800431c   0x0000001a   Code   RO         1739    x$fpl$fpinit        fz_wm.l(fpinit.o)
    0x08004336   0x08004336   0x00000010   Data   RO         1381    .rodata.AHBPrescTable  system_stm32f7xx.o
    0x08004346   0x08004346   0x00000002   PAD
    0x08004348   0x08004348   0x00000020   Data   RO         1833    Region$$Table       anon$$obj.o


    Execution Region RW_IRAM1 (Exec base: 0x20000000, Load base: 0x08004368, Size: 0x00002f88, Max: 0x00050000, ABSOLUTE, COMPRESSED[0x000000d0])

    Exec Addr    Load Addr    Size         Type   Attr      Idx    E Section Name        Object

    0x20000000   COMPRESSED   0x00000008   Data   RW          813    .data..L_MergedGlobals  stm32f7xx_hal.o
    0x20000008   COMPRESSED   0x00000020   Data   RW          127    .data.FS_Desc       usbd_desc.o
    0x20000028   COMPRESSED   0x00000004   Data   RW         1380    .data.SystemCoreClock  system_stm32f7xx.o
    0x2000002c   COMPRESSED   0x00000038   Data   RW         1534    .data.USBD_CDC      usbd_cdc.o
    0x20000064   COMPRESSED   0x00000043   Data   RW         1536    .data.USBD_CDC_CfgFSDesc  usbd_cdc.o
    0x200000a7   COMPRESSED   0x00000001   PAD
    0x200000a8   COMPRESSED   0x00000043   Data   RW         1537    .data.USBD_CDC_CfgHSDesc  usbd_cdc.o
    0x200000eb   COMPRESSED   0x00000001   PAD
    0x200000ec   COMPRESSED   0x0000000a   Data   RW         1535    .data.USBD_CDC_DeviceQualifierDesc  usbd_cdc.o
    0x200000f6   COMPRESSED   0x00000002   PAD
    0x200000f8   COMPRESSED   0x00000043   Data   RW         1538    .data.USBD_CDC_OtherSpeedCfgDesc  usbd_cdc.o
    0x2000013b   COMPRESSED   0x00000001   PAD
    0x2000013c   COMPRESSED   0x0000000c   Data   RW          129    .data.USBD_FS_BOSDesc  usbd_desc.o
    0x20000148   COMPRESSED   0x00000012   Data   RW          128    .data.USBD_FS_DeviceDesc  usbd_desc.o
    0x2000015a   COMPRESSED   0x00000002   PAD
    0x2000015c   COMPRESSED   0x00000014   Data   RW          154    .data.USBD_Interface_fops_FS  usbd_cdc_if.o
    0x20000170   COMPRESSED   0x00000004   Data   RW          130    .data.USBD_LangIDDesc  usbd_desc.o
    0x20000174   COMPRESSED   0x0000001a   Data   RW          131    .data.USBD_StringSerial  usbd_desc.o
    0x2000018e   COMPRESSED   0x00000002   PAD
    0x20000190        -       0x00000060   Zero   RW         1703    .bss                c_w.l(libspace.o)
    0x200001f0        -       0x00000068   Zero   RW           20    .bss..L_MergedGlobals  main.o
    0x20000258        -       0x00000001   Zero   RW         1471    .bss.USBD_SetConfig.cfgidx  usbd_ctlreq.o
    0x20000259   COMPRESSED   0x00000003   PAD
    0x2000025c        -       0x00000200   Zero   RW          132    .bss.USBD_StrDesc   usbd_desc.o
    0x2000045c        -       0x00000800   Zero   RW          155    .bss.UserRxBufferFS  usbd_cdc_if.o
    0x20000c5c        -       0x00000800   Zero   RW          156    .bss.UserTxBufferFS  usbd_cdc_if.o
    0x2000145c        -       0x00000004   Zero   RW          193    .bss.enc_cnt        stm32f7xx_it.o
    0x20001460        -       0x000002d0   Zero   RW           31    .bss.hUsbDeviceFS   usb_device.o
    0x20001730        -       0x00000404   Zero   RW           99    .bss.hpcd_USB_OTG_FS  usbd_conf.o
    0x20001b34        -       0x0000004c   Zero   RW           18    .bss.htim2          main.o
    0x20001b80        -       0x00000004   Zero   RW          194    .bss.tim4_index     stm32f7xx_it.o
    0x20001b84        -       0x00000004   Zero   RW          812    .bss.uwTick         stm32f7xx_hal.o
    0x20001b88        -       0x00001000   Zero   RW            2    HEAP                startup_stm32f746xx.o
    0x20002b88        -       0x00000400   Zero   RW            1    STACK               startup_stm32f746xx.o


==============================================================================

Image component sizes


      Code (inc. data)   RO Data    RW Data    ZI Data      Debug   Object Name

       834         36          0          0        180       8895   main.o
        64         26        456          0       5120        832   startup_stm32f746xx.o
       146         12          0          8          4       7822   stm32f7xx_hal.o
       192         28          0          0          0      10904   stm32f7xx_hal_cortex.o
       418         24          0          0          0       5096   stm32f7xx_hal_gpio.o
       224         16          0          0          0       7938   stm32f7xx_hal_msp.o
      2518          4          0          0          0      13700   stm32f7xx_hal_pcd.o
       112          4          0          0          0       4605   stm32f7xx_hal_pcd_ex.o
        12          0          0          0          0       5284   stm32f7xx_hal_pwr.o
       104          4          0          0          0       5628   stm32f7xx_hal_pwr_ex.o
      1252         36          0          0          0       7585   stm32f7xx_hal_rcc.o
      1222         12          0          0          0       6519   stm32f7xx_hal_rcc_ex.o
      1336         80          0          0          0      43194   stm32f7xx_hal_tim.o
       138          0          0          0          0      17747   stm32f7xx_hal_tim_ex.o
       120         32          0          0          8       2240   stm32f7xx_it.o
      2248        116          0          0          0      20507   stm32f7xx_ll_usb.o
        76         16         16          4          0       3305   system_stm32f7xx.o
        80         16          0          0        720       2968   usb_device.o
       856         12          0        267          0      10089   usbd_cdc.o
       116         12          0         20       4096       2698   usbd_cdc_if.o
       760         24          0          0       1028      15993   usbd_conf.o
       690          0          0          0          0       7156   usbd_core.o
      1398         32          0          0          1       8350   usbd_ctlreq.o
       290         96          0         92        512       3438   usbd_desc.o
       132          0          0          0          0       4300   usbd_ioreq.o

    ----------------------------------------------------------------------
     15496        646        506        400      11672     226793   Object Totals
         0          0         32          0          0          0   (incl. Generated)
       158          8          2          9          3          0   (incl. Padding)

    ----------------------------------------------------------------------

      Code (inc. data)   RO Data    RW Data    ZI Data      Debug   Library Member Name

        90          0          0          0          0          0   __dczerorl2.o
         8          0          0          0          0         68   __main.o
         0          0          0          0          0          0   __rtentry.o
        12          0          0          0          0          0   __rtentry2.o
         6          0          0          0          0          0   __rtentry4.o
        52          8          0          0          0          0   __scatter.o
        28          0          0          0          0          0   __scatter_zi.o
        10          0          0          0          0         68   defsig_exit.o
        50          0          0          0          0         88   defsig_general.o
        80         58          0          0          0         76   defsig_rtmem_inner.o
        14          0          0          0          0         80   defsig_rtmem_outer.o
        18          0          0          0          0         80   exit.o
        94          0          0          0          0         80   h1_alloc.o
        52          0          0          0          0         68   h1_extend.o
        78          0          0          0          0         80   h1_free.o
        14          0          0          0          0         84   h1_init.o
         6          0          0          0          0        152   heapauxi.o
         4          0          0          0          0        136   hguard.o
         0          0          0          0          0          0   indicate_semi.o
       138          0          0          0          0        168   init_alloc.o
         2          0          0          0          0          0   libinit.o
        14          0          0          0          0          0   libinit2.o
         2          0          0          0          0          0   libshutdown.o
         2          0          0          0          0          0   libshutdown2.o
         8          4          0          0         96         68   libspace.o
       240          0          0          0          0        100   lludivv7m.o
         0          0          0          0          0          0   maybetermalloc1.o
         8          4          0          0          0         68   rt_heap_descriptor_intlibspace.o
        78          0          0          0          0         80   rt_memclr_w.o
         2          0          0          0          0          0   rtexit.o
        10          0          0          0          0          0   rtexit2.o
        12          4          0          0          0         68   sys_exit.o
        74          0          0          0          0         80   sys_stackheap_outer.o
        14          0          0          0          0         76   sys_wrch.o
         2          0          0          0          0         68   use_no_semi.o
        26          0          0          0          0        116   fpinit.o

    ----------------------------------------------------------------------
      1254         78          0          0         96       1952   Library Totals
         6          0          0          0          0          0   (incl. Padding)

    ----------------------------------------------------------------------

      Code (inc. data)   RO Data    RW Data    ZI Data      Debug   Library Name

      1222         78          0          0         96       1836   c_w.l
        26          0          0          0          0        116   fz_wm.l

    ----------------------------------------------------------------------
      1254         78          0          0         96       1952   Library Totals

    ----------------------------------------------------------------------

==============================================================================


      Code (inc. data)   RO Data    RW Data    ZI Data      Debug   

     16750        724        506        400      11768     227441   Grand Totals
     16750        724        506        208      11768     227441   ELF Image Totals (compressed)
     16750        724        506        208          0          0   ROM Totals

==============================================================================

    Total RO  Size (Code + RO Data)                17256 (  16.85kB)
    Total RW  Size (RW Data + ZI Data)             12168 (  11.88kB)
    Total ROM Size (Code + RO Data + RW Data)      17464 (  17.05kB)

==============================================================================

